<?xml version="1.0" encoding="UTF-8"?>
<TestRun id="20b45b1a-2e18-41eb-bb0c-6ab87919ef35" name="mbarton@W01319 2013-09-27 09:26:12" runUser="LEAP\mbarton" xmlns="http://microsoft.com/schemas/VisualStudio/TeamTest/2010">
  <TestSettings name="Default Test Settings" id="28d609c2-56a9-4b02-9efb-ce23b2a5c461">
    <Deployment runDeploymentRoot="mbarton_W01319 2013-09-27 09_26_12">
      <DeploymentItem filename="C:\Users\mbarton\Documents\GitHub\JellyDb\Libs\CastleWindsor\Castle.Core.dll" />
      <DeploymentItem filename="C:\Users\mbarton\Documents\GitHub\JellyDb\Libs\RhinoMock\Rhino.Mocks.dll" />
      <DeploymentItem filename="C:\Users\mbarton\Documents\GitHub\JellyDb\Libs\CastleWindsor\Castle.Windsor.dll" />
      <DeploymentItem filename="C:\Users\mbarton\Documents\GitHub\JellyDb\JellyDb.Core\bin\Debug\JellyDb.Core.dll" />
    </Deployment>
    <Execution>
      <TestTypeSpecific />
      <AgentRule name="Execution Agents">
      </AgentRule>
    </Execution>
  </TestSettings>
  <Times creation="2013-09-27T09:26:12.9500523+10:00" queuing="2013-09-27T09:26:14.3801341+10:00" start="2013-09-27T09:26:14.5701449+10:00" finish="2013-09-27T09:26:41.5686892+10:00" />
  <ResultSummary outcome="Error">
    <Counters total="7" executed="5" passed="4" error="0" failed="0" timeout="0" aborted="1" inconclusive="0" passedButRunAborted="0" notRunnable="0" notExecuted="2" disconnected="0" warning="0" completed="0" inProgress="0" pending="0" />
    <RunInfos>
      <RunInfo computerName="W01319" outcome="Error" timestamp="2013-09-27T09:26:41.5666891+10:00">
        <Text>Test host process exited unexpectedly.</Text>
      </RunInfo>
    </RunInfos>
  </ResultSummary>
  <TestDefinitions>
    <UnitTest name="CreateNodeAndInsertTwoUnSeq" storage="c:\users\mbarton\documents\github\jellydb\jellydb.core.test\bin\debug\jellydb.core.test.dll" id="30ae6f73-9793-8d9c-9ac6-ccde7b152f8d">
      <Execution id="c5482b89-e3a5-45ec-9691-9ae5171bf2ce" />
      <TestMethod codeBase="C:/Users/mbarton/Documents/GitHub/JellyDb/JellyDb.Core.Test/bin/Debug/JellyDb.Core.Test.DLL" adapterTypeName="Microsoft.VisualStudio.TestTools.TestTypes.Unit.UnitTestAdapter, Microsoft.VisualStudio.QualityTools.Tips.UnitTest.Adapter, Version=10.0.0.0, Culture=neutral, PublicKeyToken=b03f5f7f11d50a3a" className="JellyDb.Core.Test.Unit.Storage.BPTreeNodeTest, JellyDb.Core.Test, Version=1.0.0.0, Culture=neutral, PublicKeyToken=null" name="CreateNodeAndInsertTwoUnSeq" />
    </UnitTest>
    <UnitTest name="CreateNodeAndInsertOneUnSeq" storage="c:\users\mbarton\documents\github\jellydb\jellydb.core.test\bin\debug\jellydb.core.test.dll" id="9d665f8e-fbba-f332-e9fd-91b1ba97e32d">
      <Execution id="0b26b1ca-d3ab-4375-8a92-8750cf623719" />
      <TestMethod codeBase="C:/Users/mbarton/Documents/GitHub/JellyDb/JellyDb.Core.Test/bin/Debug/JellyDb.Core.Test.DLL" adapterTypeName="Microsoft.VisualStudio.TestTools.TestTypes.Unit.UnitTestAdapter, Microsoft.VisualStudio.QualityTools.Tips.UnitTest.Adapter, Version=10.0.0.0, Culture=neutral, PublicKeyToken=b03f5f7f11d50a3a" className="JellyDb.Core.Test.Unit.Storage.BPTreeNodeTest, JellyDb.Core.Test, Version=1.0.0.0, Culture=neutral, PublicKeyToken=null" name="CreateNodeAndInsertOneUnSeq" />
    </UnitTest>
    <UnitTest name="CreateNodeAndInsertOneSeq" storage="c:\users\mbarton\documents\github\jellydb\jellydb.core.test\bin\debug\jellydb.core.test.dll" id="ad480e63-0564-c719-966f-fb5ef85845f6">
      <Execution id="b2acf106-aabe-43d8-aee0-6123bbfffbbb" />
      <TestMethod codeBase="C:/Users/mbarton/Documents/GitHub/JellyDb/JellyDb.Core.Test/bin/Debug/JellyDb.Core.Test.DLL" adapterTypeName="Microsoft.VisualStudio.TestTools.TestTypes.Unit.UnitTestAdapter, Microsoft.VisualStudio.QualityTools.Tips.UnitTest.Adapter, Version=10.0.0.0, Culture=neutral, PublicKeyToken=b03f5f7f11d50a3a" className="JellyDb.Core.Test.Unit.Storage.BPTreeNodeTest, JellyDb.Core.Test, Version=1.0.0.0, Culture=neutral, PublicKeyToken=null" name="CreateNodeAndInsertOneSeq" />
    </UnitTest>
    <UnitTest name="CreateNodeAndInsertTwoUnordered" storage="c:\users\mbarton\documents\github\jellydb\jellydb.core.test\bin\debug\jellydb.core.test.dll" id="a4d23b54-199e-5dcb-df68-dc895ffc2612">
      <Execution id="be1b82f2-f038-4f92-8681-60f73d60977d" />
      <TestMethod codeBase="C:/Users/mbarton/Documents/GitHub/JellyDb/JellyDb.Core.Test/bin/Debug/JellyDb.Core.Test.DLL" adapterTypeName="Microsoft.VisualStudio.TestTools.TestTypes.Unit.UnitTestAdapter, Microsoft.VisualStudio.QualityTools.Tips.UnitTest.Adapter, Version=10.0.0.0, Culture=neutral, PublicKeyToken=b03f5f7f11d50a3a" className="JellyDb.Core.Test.Unit.Storage.BPTreeNodeTest, JellyDb.Core.Test, Version=1.0.0.0, Culture=neutral, PublicKeyToken=null" name="CreateNodeAndInsertTwoUnordered" />
    </UnitTest>
    <UnitTest name="CreateNodeAndInsertTwoSeq" storage="c:\users\mbarton\documents\github\jellydb\jellydb.core.test\bin\debug\jellydb.core.test.dll" id="d856cb1e-0ef3-0f43-9241-50f5d6a404fb">
      <Execution id="651f68c1-7a83-408c-8c5e-3428de0af06c" />
      <TestMethod codeBase="C:/Users/mbarton/Documents/GitHub/JellyDb/JellyDb.Core.Test/bin/Debug/JellyDb.Core.Test.DLL" adapterTypeName="Microsoft.VisualStudio.TestTools.TestTypes.Unit.UnitTestAdapter, Microsoft.VisualStudio.QualityTools.Tips.UnitTest.Adapter, Version=10.0.0.0, Culture=neutral, PublicKeyToken=b03f5f7f11d50a3a" className="JellyDb.Core.Test.Unit.Storage.BPTreeNodeTest, JellyDb.Core.Test, Version=1.0.0.0, Culture=neutral, PublicKeyToken=null" name="CreateNodeAndInsertTwoSeq" />
    </UnitTest>
    <UnitTest name="CreateSingleNode" storage="c:\users\mbarton\documents\github\jellydb\jellydb.core.test\bin\debug\jellydb.core.test.dll" id="043c9141-02d0-ac99-6ebf-b1410711ae59">
      <Execution id="9c09d3a4-7fed-4f10-a989-0aac20602d58" />
      <TestMethod codeBase="C:/Users/mbarton/Documents/GitHub/JellyDb/JellyDb.Core.Test/bin/Debug/JellyDb.Core.Test.DLL" adapterTypeName="Microsoft.VisualStudio.TestTools.TestTypes.Unit.UnitTestAdapter, Microsoft.VisualStudio.QualityTools.Tips.UnitTest.Adapter, Version=10.0.0.0, Culture=neutral, PublicKeyToken=b03f5f7f11d50a3a" className="JellyDb.Core.Test.Unit.Storage.BPTreeNodeTest, JellyDb.Core.Test, Version=1.0.0.0, Culture=neutral, PublicKeyToken=null" name="CreateSingleNode" />
    </UnitTest>
    <UnitTest name="CreateNodeAndInsertOneUnOrdered" storage="c:\users\mbarton\documents\github\jellydb\jellydb.core.test\bin\debug\jellydb.core.test.dll" id="5514e827-36e4-907f-eaf4-fa211281fc13">
      <Execution id="2e5d2951-54b1-4001-81b9-30d9299682ab" />
      <TestMethod codeBase="C:/Users/mbarton/Documents/GitHub/JellyDb/JellyDb.Core.Test/bin/Debug/JellyDb.Core.Test.DLL" adapterTypeName="Microsoft.VisualStudio.TestTools.TestTypes.Unit.UnitTestAdapter, Microsoft.VisualStudio.QualityTools.Tips.UnitTest.Adapter, Version=10.0.0.0, Culture=neutral, PublicKeyToken=b03f5f7f11d50a3a" className="JellyDb.Core.Test.Unit.Storage.BPTreeNodeTest, JellyDb.Core.Test, Version=1.0.0.0, Culture=neutral, PublicKeyToken=null" name="CreateNodeAndInsertOneUnOrdered" />
    </UnitTest>
  </TestDefinitions>
  <TestLists>
    <TestList name="Results Not in a List" id="8c84fa94-04c1-424b-9868-57a2d4851a1d" />
    <TestList name="All Loaded Results" id="19431567-8539-422a-85d7-44ee4e166bda" />
  </TestLists>
  <TestEntries>
    <TestEntry testId="043c9141-02d0-ac99-6ebf-b1410711ae59" executionId="9c09d3a4-7fed-4f10-a989-0aac20602d58" testListId="8c84fa94-04c1-424b-9868-57a2d4851a1d" />
    <TestEntry testId="30ae6f73-9793-8d9c-9ac6-ccde7b152f8d" executionId="c5482b89-e3a5-45ec-9691-9ae5171bf2ce" testListId="8c84fa94-04c1-424b-9868-57a2d4851a1d" />
    <TestEntry testId="5514e827-36e4-907f-eaf4-fa211281fc13" executionId="2e5d2951-54b1-4001-81b9-30d9299682ab" testListId="8c84fa94-04c1-424b-9868-57a2d4851a1d" />
    <TestEntry testId="9d665f8e-fbba-f332-e9fd-91b1ba97e32d" executionId="0b26b1ca-d3ab-4375-8a92-8750cf623719" testListId="8c84fa94-04c1-424b-9868-57a2d4851a1d" />
    <TestEntry testId="a4d23b54-199e-5dcb-df68-dc895ffc2612" executionId="be1b82f2-f038-4f92-8681-60f73d60977d" testListId="8c84fa94-04c1-424b-9868-57a2d4851a1d" />
    <TestEntry testId="ad480e63-0564-c719-966f-fb5ef85845f6" executionId="b2acf106-aabe-43d8-aee0-6123bbfffbbb" testListId="8c84fa94-04c1-424b-9868-57a2d4851a1d" />
    <TestEntry testId="d856cb1e-0ef3-0f43-9241-50f5d6a404fb" executionId="651f68c1-7a83-408c-8c5e-3428de0af06c" testListId="8c84fa94-04c1-424b-9868-57a2d4851a1d" />
  </TestEntries>
  <Results>
    <UnitTestResult executionId="9c09d3a4-7fed-4f10-a989-0aac20602d58" testId="043c9141-02d0-ac99-6ebf-b1410711ae59" testName="CreateSingleNode" computerName="W01319" duration="00:00:00.0119300" startTime="2013-09-27T09:26:14.7641560+10:00" endTime="2013-09-27T09:26:16.3152448+10:00" testType="13cdc9d9-ddb5-4fa4-a97d-d965ccfc6d4b" outcome="Passed" testListId="8c84fa94-04c1-424b-9868-57a2d4851a1d" relativeResultsDirectory="9c09d3a4-7fed-4f10-a989-0aac20602d58">
    </UnitTestResult>
    <UnitTestResult executionId="c5482b89-e3a5-45ec-9691-9ae5171bf2ce" testId="30ae6f73-9793-8d9c-9ac6-ccde7b152f8d" testName="CreateNodeAndInsertTwoUnSeq" computerName="W01319" duration="00:00:00.0142634" startTime="2013-09-27T09:26:16.3192450+10:00" endTime="2013-09-27T09:26:16.3392461+10:00" testType="13cdc9d9-ddb5-4fa4-a97d-d965ccfc6d4b" outcome="Passed" testListId="8c84fa94-04c1-424b-9868-57a2d4851a1d" relativeResultsDirectory="c5482b89-e3a5-45ec-9691-9ae5171bf2ce">
    </UnitTestResult>
    <UnitTestResult executionId="2e5d2951-54b1-4001-81b9-30d9299682ab" testId="5514e827-36e4-907f-eaf4-fa211281fc13" testName="CreateNodeAndInsertOneUnOrdered" computerName="W01319" duration="00:00:00.0006588" startTime="2013-09-27T09:26:16.3422463+10:00" endTime="2013-09-27T09:26:16.3472466+10:00" testType="13cdc9d9-ddb5-4fa4-a97d-d965ccfc6d4b" outcome="Passed" testListId="8c84fa94-04c1-424b-9868-57a2d4851a1d" relativeResultsDirectory="2e5d2951-54b1-4001-81b9-30d9299682ab">
    </UnitTestResult>
    <UnitTestResult executionId="0b26b1ca-d3ab-4375-8a92-8750cf623719" testId="9d665f8e-fbba-f332-e9fd-91b1ba97e32d" testName="CreateNodeAndInsertOneUnSeq" computerName="W01319" duration="00:00:00.0003724" startTime="2013-09-27T09:26:16.3512468+10:00" endTime="2013-09-27T09:26:16.3562471+10:00" testType="13cdc9d9-ddb5-4fa4-a97d-d965ccfc6d4b" outcome="Passed" testListId="8c84fa94-04c1-424b-9868-57a2d4851a1d" relativeResultsDirectory="0b26b1ca-d3ab-4375-8a92-8750cf623719">
    </UnitTestResult>
    <UnitTestResult executionId="be1b82f2-f038-4f92-8681-60f73d60977d" testId="a4d23b54-199e-5dcb-df68-dc895ffc2612" testName="CreateNodeAndInsertTwoUnordered" computerName="W01319" duration="00:00:25.2084418" startTime="2013-09-27T09:26:16.3592473+10:00" endTime="2013-09-27T09:26:41.5676891+10:00" testType="13cdc9d9-ddb5-4fa4-a97d-d965ccfc6d4b" outcome="Aborted" testListId="8c84fa94-04c1-424b-9868-57a2d4851a1d" relativeResultsDirectory="be1b82f2-f038-4f92-8681-60f73d60977d">
    </UnitTestResult>
    <UnitTestResult executionId="b2acf106-aabe-43d8-aee0-6123bbfffbbb" testId="ad480e63-0564-c719-966f-fb5ef85845f6" testName="CreateNodeAndInsertOneSeq" computerName="W01319" testType="13cdc9d9-ddb5-4fa4-a97d-d965ccfc6d4b" outcome="NotExecuted" testListId="8c84fa94-04c1-424b-9868-57a2d4851a1d" relativeResultsDirectory="b2acf106-aabe-43d8-aee0-6123bbfffbbb">
    </UnitTestResult>
    <UnitTestResult executionId="651f68c1-7a83-408c-8c5e-3428de0af06c" testId="d856cb1e-0ef3-0f43-9241-50f5d6a404fb" testName="CreateNodeAndInsertTwoSeq" computerName="W01319" testType="13cdc9d9-ddb5-4fa4-a97d-d965ccfc6d4b" outcome="NotExecuted" testListId="8c84fa94-04c1-424b-9868-57a2d4851a1d" relativeResultsDirectory="651f68c1-7a83-408c-8c5e-3428de0af06c">
    </UnitTestResult>
  </Results>
</TestRun>