<?xml version="1.0" encoding="UTF-8"?>
<TestRun id="01191f63-74a7-4857-9325-41a0fc147b87" name="mbarton@W01319 2013-09-11 09:49:37" runUser="LEAP\mbarton" xmlns="http://microsoft.com/schemas/VisualStudio/TeamTest/2010">
  <TestSettings name="Default Test Settings" id="116fc819-bf32-4d3d-aeb7-8b36d34011ad">
    <Deployment runDeploymentRoot="mbarton_W01319 2013-09-11 09_49_37">
      <DeploymentItem filename="C:\Users\mbarton\Documents\GitHub\JellyDb\Libs\Castle.Core.dll" />
      <DeploymentItem filename="C:\Users\mbarton\Documents\GitHub\JellyDb\Libs\Rhino.Mocks.dll" />
      <DeploymentItem filename="C:\Users\mbarton\Documents\GitHub\JellyDb\Libs\Castle.Windsor.dll" />
      <DeploymentItem filename="C:\Users\mbarton\Documents\GitHub\JellyDb\Kenny.DbEngine.Core\bin\Debug\Kenny.DbEngine.Core.dll" />
    </Deployment>
    <Execution>
      <TestTypeSpecific />
      <AgentRule name="Execution Agents">
      </AgentRule>
    </Execution>
  </TestSettings>
  <Times creation="2013-09-11T09:49:37.0969448+10:00" queuing="2013-09-11T09:49:37.2109513+10:00" start="2013-09-11T09:49:37.2169517+10:00" finish="2013-09-11T09:51:12.4083963+10:00" />
  <ResultSummary outcome="Completed">
    <Counters total="27" executed="27" passed="27" error="0" failed="0" timeout="0" aborted="0" inconclusive="0" passedButRunAborted="0" notRunnable="0" notExecuted="0" disconnected="0" warning="0" completed="0" inProgress="0" pending="0" />
  </ResultSummary>
  <TestDefinitions>
    <UnitTest name="ProcessColumnNameTerms" storage="c:\users\mbarton\documents\github\jellydb\kenny.dbengine.core.test\bin\debug\kenny.dbengine.core.test.dll" id="21ca34bf-5da9-18dc-0712-e433d60aa621">
      <Execution id="1d025bff-adef-4006-b79f-4188cb746bc4" />
      <TestMethod codeBase="C:/Users/mbarton/Documents/GitHub/JellyDb/Kenny.DbEngine.Core.Test/bin/Debug/Kenny.DbEngine.Core.Test.DLL" adapterTypeName="Microsoft.VisualStudio.TestTools.TestTypes.Unit.UnitTestAdapter, Microsoft.VisualStudio.QualityTools.Tips.UnitTest.Adapter, Version=10.0.0.0, Culture=neutral, PublicKeyToken=b03f5f7f11d50a3a" className="Kenny.DbEngine.Core.Test.Unit.Sql.Dml.AdditionOperatorTest, Kenny.DbEngine.Core.Test, Version=1.0.0.0, Culture=neutral, PublicKeyToken=null" name="ProcessColumnNameTerms" />
    </UnitTest>
    <UnitTest name="CreateEmptyIndex" storage="c:\users\mbarton\documents\github\jellydb\kenny.dbengine.core.test\bin\debug\kenny.dbengine.core.test.dll" id="a10bb2cd-574a-436c-87b9-0ab1686a8c01">
      <Execution id="10ef0b6b-0fd7-47de-845b-22e2777f87d5" />
      <TestMethod codeBase="C:/Users/mbarton/Documents/GitHub/JellyDb/Kenny.DbEngine.Core.Test/bin/Debug/Kenny.DbEngine.Core.Test.DLL" adapterTypeName="Microsoft.VisualStudio.TestTools.TestTypes.Unit.UnitTestAdapter, Microsoft.VisualStudio.QualityTools.Tips.UnitTest.Adapter, Version=10.0.0.0, Culture=neutral, PublicKeyToken=b03f5f7f11d50a3a" className="Kenny.DbEngine.Core.Test.Integration.VirtualAddressSpace.PageIndexTest, Kenny.DbEngine.Core.Test, Version=1.0.0.0, Culture=neutral, PublicKeyToken=null" name="CreateEmptyIndex" />
    </UnitTest>
    <UnitTest name="PageIndex_AddEntryToEmptyPageIndex" storage="c:\users\mbarton\documents\github\jellydb\kenny.dbengine.core.test\bin\debug\kenny.dbengine.core.test.dll" id="bdb382b0-f425-3516-43ce-eb0d649ffb1d">
      <Execution id="820235eb-3c1c-4b6d-a321-5892b7122085" />
      <TestMethod codeBase="C:/Users/mbarton/Documents/GitHub/JellyDb/Kenny.DbEngine.Core.Test/bin/Debug/Kenny.DbEngine.Core.Test.DLL" adapterTypeName="Microsoft.VisualStudio.TestTools.TestTypes.Unit.UnitTestAdapter, Microsoft.VisualStudio.QualityTools.Tips.UnitTest.Adapter, Version=10.0.0.0, Culture=neutral, PublicKeyToken=b03f5f7f11d50a3a" className="Kenny.DbEngine.Core.Test.Unit.VirtualAddressSpace.PageIndexTest, Kenny.DbEngine.Core.Test, Version=1.0.0.0, Culture=neutral, PublicKeyToken=null" name="PageIndex_AddEntryToEmptyPageIndex" />
    </UnitTest>
    <UnitTest name="PageIndex_CreatePageIndexWithEntries" storage="c:\users\mbarton\documents\github\jellydb\kenny.dbengine.core.test\bin\debug\kenny.dbengine.core.test.dll" id="08bafab3-fda9-39da-c05d-ad8da4059cad">
      <Execution id="e74250e6-77fc-4020-a65d-818b3748f8df" />
      <TestMethod codeBase="C:/Users/mbarton/Documents/GitHub/JellyDb/Kenny.DbEngine.Core.Test/bin/Debug/Kenny.DbEngine.Core.Test.DLL" adapterTypeName="Microsoft.VisualStudio.TestTools.TestTypes.Unit.UnitTestAdapter, Microsoft.VisualStudio.QualityTools.Tips.UnitTest.Adapter, Version=10.0.0.0, Culture=neutral, PublicKeyToken=b03f5f7f11d50a3a" className="Kenny.DbEngine.Core.Test.Unit.VirtualAddressSpace.PageIndexTest, Kenny.DbEngine.Core.Test, Version=1.0.0.0, Culture=neutral, PublicKeyToken=null" name="PageIndex_CreatePageIndexWithEntries" />
    </UnitTest>
    <UnitTest name="ProcessExpressionTerms" storage="c:\users\mbarton\documents\github\jellydb\kenny.dbengine.core.test\bin\debug\kenny.dbengine.core.test.dll" id="fae5e2d2-ed07-622f-bada-5a5c830d1e52">
      <Execution id="ee695415-87f8-4fe0-9260-e29de58e3a95" />
      <TestMethod codeBase="C:/Users/mbarton/Documents/GitHub/JellyDb/Kenny.DbEngine.Core.Test/bin/Debug/Kenny.DbEngine.Core.Test.DLL" adapterTypeName="Microsoft.VisualStudio.TestTools.TestTypes.Unit.UnitTestAdapter, Microsoft.VisualStudio.QualityTools.Tips.UnitTest.Adapter, Version=10.0.0.0, Culture=neutral, PublicKeyToken=b03f5f7f11d50a3a" className="Kenny.DbEngine.Core.Test.Unit.Sql.Dml.AdditionOperatorTest, Kenny.DbEngine.Core.Test, Version=1.0.0.0, Culture=neutral, PublicKeyToken=null" name="ProcessExpressionTerms" />
    </UnitTest>
    <UnitTest name="ProcessByteArrayTerms" storage="c:\users\mbarton\documents\github\jellydb\kenny.dbengine.core.test\bin\debug\kenny.dbengine.core.test.dll" id="a385ebfd-3e56-5db8-780c-b4a39e36ab7c">
      <Execution id="b0207c88-ebad-4f92-9ccf-66f7d18ad550" />
      <TestMethod codeBase="C:/Users/mbarton/Documents/GitHub/JellyDb/Kenny.DbEngine.Core.Test/bin/Debug/Kenny.DbEngine.Core.Test.DLL" adapterTypeName="Microsoft.VisualStudio.TestTools.TestTypes.Unit.UnitTestAdapter, Microsoft.VisualStudio.QualityTools.Tips.UnitTest.Adapter, Version=10.0.0.0, Culture=neutral, PublicKeyToken=b03f5f7f11d50a3a" className="Kenny.DbEngine.Core.Test.Unit.Sql.Dml.AdditionOperatorTest, Kenny.DbEngine.Core.Test, Version=1.0.0.0, Culture=neutral, PublicKeyToken=null" name="ProcessByteArrayTerms" />
    </UnitTest>
    <UnitTest name="GetConfigurationSection" storage="c:\users\mbarton\documents\github\jellydb\kenny.dbengine.core.test\bin\debug\kenny.dbengine.core.test.dll" id="7c6fd982-741c-25f1-0717-02dff2f9a048">
      <Execution id="3639ba27-1405-4662-8bee-345b48ac1a1f" />
      <TestMethod codeBase="C:/Users/mbarton/Documents/GitHub/JellyDb/Kenny.DbEngine.Core.Test/bin/Debug/Kenny.DbEngine.Core.Test.DLL" adapterTypeName="Microsoft.VisualStudio.TestTools.TestTypes.Unit.UnitTestAdapter, Microsoft.VisualStudio.QualityTools.Tips.UnitTest.Adapter, Version=10.0.0.0, Culture=neutral, PublicKeyToken=b03f5f7f11d50a3a" className="Kenny.DbEngine.Core.Test.Unit.Configuration.VirtualFileSystemConfigurationTest, Kenny.DbEngine.Core.Test, Version=1.0.0.0, Culture=neutral, PublicKeyToken=null" name="GetConfigurationSection" />
    </UnitTest>
    <UnitTest name="ProcessNullTerms" storage="c:\users\mbarton\documents\github\jellydb\kenny.dbengine.core.test\bin\debug\kenny.dbengine.core.test.dll" id="715013c5-f6e3-751c-6e20-23a09b3d91f8">
      <Execution id="540071ee-57e9-456d-a348-d31b8531c5e9" />
      <TestMethod codeBase="C:/Users/mbarton/Documents/GitHub/JellyDb/Kenny.DbEngine.Core.Test/bin/Debug/Kenny.DbEngine.Core.Test.DLL" adapterTypeName="Microsoft.VisualStudio.TestTools.TestTypes.Unit.UnitTestAdapter, Microsoft.VisualStudio.QualityTools.Tips.UnitTest.Adapter, Version=10.0.0.0, Culture=neutral, PublicKeyToken=b03f5f7f11d50a3a" className="Kenny.DbEngine.Core.Test.Unit.Sql.Dml.AdditionOperatorTest, Kenny.DbEngine.Core.Test, Version=1.0.0.0, Culture=neutral, PublicKeyToken=null" name="ProcessNullTerms" />
    </UnitTest>
    <UnitTest name="PageIndex_UpdateEntryInPageIndex" storage="c:\users\mbarton\documents\github\jellydb\kenny.dbengine.core.test\bin\debug\kenny.dbengine.core.test.dll" id="12b3eacc-184a-66b3-7f4f-faa64ca3b7fd">
      <Execution id="36e142b8-9314-499e-92e9-cea1113c38cc" />
      <TestMethod codeBase="C:/Users/mbarton/Documents/GitHub/JellyDb/Kenny.DbEngine.Core.Test/bin/Debug/Kenny.DbEngine.Core.Test.DLL" adapterTypeName="Microsoft.VisualStudio.TestTools.TestTypes.Unit.UnitTestAdapter, Microsoft.VisualStudio.QualityTools.Tips.UnitTest.Adapter, Version=10.0.0.0, Culture=neutral, PublicKeyToken=b03f5f7f11d50a3a" className="Kenny.DbEngine.Core.Test.Unit.VirtualAddressSpace.PageIndexTest, Kenny.DbEngine.Core.Test, Version=1.0.0.0, Culture=neutral, PublicKeyToken=null" name="PageIndex_UpdateEntryInPageIndex" />
    </UnitTest>
    <UnitTest name="PageSummary_CreateFromStreamEmpty" storage="c:\users\mbarton\documents\github\jellydb\kenny.dbengine.core.test\bin\debug\kenny.dbengine.core.test.dll" id="6c64504c-115d-de79-65ca-3d3b6cce1d7f">
      <Execution id="28451bfd-90e1-4307-bc69-8f5fd1597ace" />
      <TestMethod codeBase="C:/Users/mbarton/Documents/GitHub/JellyDb/Kenny.DbEngine.Core.Test/bin/Debug/Kenny.DbEngine.Core.Test.DLL" adapterTypeName="Microsoft.VisualStudio.TestTools.TestTypes.Unit.UnitTestAdapter, Microsoft.VisualStudio.QualityTools.Tips.UnitTest.Adapter, Version=10.0.0.0, Culture=neutral, PublicKeyToken=b03f5f7f11d50a3a" className="Kenny.DbEngine.Core.Test.Unit.VirtualAddressSpace.PageSummaryTest, Kenny.DbEngine.Core.Test, Version=1.0.0.0, Culture=neutral, PublicKeyToken=null" name="PageSummary_CreateFromStreamEmpty" />
    </UnitTest>
    <UnitTest name="PageIndex_OpenExistingPageIndex" storage="c:\users\mbarton\documents\github\jellydb\kenny.dbengine.core.test\bin\debug\kenny.dbengine.core.test.dll" id="46303218-6d5f-2fcf-0e28-6682fecc152b">
      <Execution id="cf15946e-7491-45cb-9538-89a990913dea" />
      <TestMethod codeBase="C:/Users/mbarton/Documents/GitHub/JellyDb/Kenny.DbEngine.Core.Test/bin/Debug/Kenny.DbEngine.Core.Test.DLL" adapterTypeName="Microsoft.VisualStudio.TestTools.TestTypes.Unit.UnitTestAdapter, Microsoft.VisualStudio.QualityTools.Tips.UnitTest.Adapter, Version=10.0.0.0, Culture=neutral, PublicKeyToken=b03f5f7f11d50a3a" className="Kenny.DbEngine.Core.Test.Unit.VirtualAddressSpace.PageIndexTest, Kenny.DbEngine.Core.Test, Version=1.0.0.0, Culture=neutral, PublicKeyToken=null" name="PageIndex_OpenExistingPageIndex" />
    </UnitTest>
    <UnitTest name="CreateBigFileTest" storage="c:\users\mbarton\documents\github\jellydb\kenny.dbengine.core.test\bin\debug\kenny.dbengine.core.test.dll" id="a5e4b6a9-8a72-d442-9dc9-92cc31b491ee">
      <Execution id="5414fc6b-8e39-4a9d-9c3a-b7ce5a8ffa77" />
      <TestMethod codeBase="C:/Users/mbarton/Documents/GitHub/JellyDb/Kenny.DbEngine.Core.Test/bin/Debug/Kenny.DbEngine.Core.Test.DLL" adapterTypeName="Microsoft.VisualStudio.TestTools.TestTypes.Unit.UnitTestAdapter, Microsoft.VisualStudio.QualityTools.Tips.UnitTest.Adapter, Version=10.0.0.0, Culture=neutral, PublicKeyToken=b03f5f7f11d50a3a" className="Kenny.DbEngine.Core.Test.Integration.VirtualAddressSpace.FileBasedPersistenceTest, Kenny.DbEngine.Core.Test, Version=1.0.0.0, Culture=neutral, PublicKeyToken=null" name="CreateBigFileTest" />
    </UnitTest>
    <UnitTest name="FileBasedPersistence_SaveAndGetContiguousData" storage="c:\users\mbarton\documents\github\jellydb\kenny.dbengine.core.test\bin\debug\kenny.dbengine.core.test.dll" id="f24b8079-7a7b-486d-9b45-80f98756b05d">
      <Execution id="4afc745c-8a5b-4b26-b89f-3ad0e35eac5c" />
      <TestMethod codeBase="C:/Users/mbarton/Documents/GitHub/JellyDb/Kenny.DbEngine.Core.Test/bin/Debug/Kenny.DbEngine.Core.Test.DLL" adapterTypeName="Microsoft.VisualStudio.TestTools.TestTypes.Unit.UnitTestAdapter, Microsoft.VisualStudio.QualityTools.Tips.UnitTest.Adapter, Version=10.0.0.0, Culture=neutral, PublicKeyToken=b03f5f7f11d50a3a" className="Kenny.DbEngine.Core.Test.Integration.VirtualAddressSpace.FileBasedPersistenceTest, Kenny.DbEngine.Core.Test, Version=1.0.0.0, Culture=neutral, PublicKeyToken=null" name="FileBasedPersistence_SaveAndGetContiguousData" />
    </UnitTest>
    <UnitTest name="GetConfigurationSection" storage="c:\users\mbarton\documents\github\jellydb\kenny.dbengine.core.test\bin\debug\kenny.dbengine.core.test.dll" id="ce3d2fea-8dd4-4e47-7649-33de8d426b39">
      <Execution id="9d4a3ab8-c337-4fae-ac42-da9f5060fac8" />
      <TestMethod codeBase="C:/Users/mbarton/Documents/GitHub/JellyDb/Kenny.DbEngine.Core.Test/bin/Debug/Kenny.DbEngine.Core.Test.DLL" adapterTypeName="Microsoft.VisualStudio.TestTools.TestTypes.Unit.UnitTestAdapter, Microsoft.VisualStudio.QualityTools.Tips.UnitTest.Adapter, Version=10.0.0.0, Culture=neutral, PublicKeyToken=b03f5f7f11d50a3a" className="Kenny.DbEngine.Core.Test.Unit.Configuration.DbEngineConfigurationSectionTest, Kenny.DbEngine.Core.Test, Version=1.0.0.0, Culture=neutral, PublicKeyToken=null" name="GetConfigurationSection" />
    </UnitTest>
    <UnitTest name="ProcessValueTerms" storage="c:\users\mbarton\documents\github\jellydb\kenny.dbengine.core.test\bin\debug\kenny.dbengine.core.test.dll" id="0301d618-d9cd-ef66-16af-23249f7ab58f">
      <Execution id="bca836c9-b856-4287-89e4-1b9f30f96642" />
      <TestMethod codeBase="C:/Users/mbarton/Documents/GitHub/JellyDb/Kenny.DbEngine.Core.Test/bin/Debug/Kenny.DbEngine.Core.Test.DLL" adapterTypeName="Microsoft.VisualStudio.TestTools.TestTypes.Unit.UnitTestAdapter, Microsoft.VisualStudio.QualityTools.Tips.UnitTest.Adapter, Version=10.0.0.0, Culture=neutral, PublicKeyToken=b03f5f7f11d50a3a" className="Kenny.DbEngine.Core.Test.Unit.Sql.Dml.AdditionOperatorTest, Kenny.DbEngine.Core.Test, Version=1.0.0.0, Culture=neutral, PublicKeyToken=null" name="ProcessValueTerms" />
    </UnitTest>
    <UnitTest name="PageIndex_AddEntryToPageIndexWithEntries" storage="c:\users\mbarton\documents\github\jellydb\kenny.dbengine.core.test\bin\debug\kenny.dbengine.core.test.dll" id="3e160a96-5ea1-20e7-d628-bced2c91679f">
      <Execution id="2702728a-636f-4214-841f-110917fe4a2e" />
      <TestMethod codeBase="C:/Users/mbarton/Documents/GitHub/JellyDb/Kenny.DbEngine.Core.Test/bin/Debug/Kenny.DbEngine.Core.Test.DLL" adapterTypeName="Microsoft.VisualStudio.TestTools.TestTypes.Unit.UnitTestAdapter, Microsoft.VisualStudio.QualityTools.Tips.UnitTest.Adapter, Version=10.0.0.0, Culture=neutral, PublicKeyToken=b03f5f7f11d50a3a" className="Kenny.DbEngine.Core.Test.Unit.VirtualAddressSpace.PageIndexTest, Kenny.DbEngine.Core.Test, Version=1.0.0.0, Culture=neutral, PublicKeyToken=null" name="PageIndex_AddEntryToPageIndexWithEntries" />
    </UnitTest>
    <UnitTest name="PageIndex_CreateEmptyPageIndex" storage="c:\users\mbarton\documents\github\jellydb\kenny.dbengine.core.test\bin\debug\kenny.dbengine.core.test.dll" id="2dc9ac02-d384-a255-5745-fc5b6b32922e">
      <Execution id="37c73fb4-b40a-451a-8157-04739dfd30c6" />
      <TestMethod codeBase="C:/Users/mbarton/Documents/GitHub/JellyDb/Kenny.DbEngine.Core.Test/bin/Debug/Kenny.DbEngine.Core.Test.DLL" adapterTypeName="Microsoft.VisualStudio.TestTools.TestTypes.Unit.UnitTestAdapter, Microsoft.VisualStudio.QualityTools.Tips.UnitTest.Adapter, Version=10.0.0.0, Culture=neutral, PublicKeyToken=b03f5f7f11d50a3a" className="Kenny.DbEngine.Core.Test.Unit.VirtualAddressSpace.PageIndexTest, Kenny.DbEngine.Core.Test, Version=1.0.0.0, Culture=neutral, PublicKeyToken=null" name="PageIndex_CreateEmptyPageIndex" />
    </UnitTest>
    <UnitTest name="FileBasedPersistence_CreateFilePersistence" storage="c:\users\mbarton\documents\github\jellydb\kenny.dbengine.core.test\bin\debug\kenny.dbengine.core.test.dll" id="225680d3-3a0f-7f06-ee1a-59784201cb83">
      <Execution id="25c1f126-2eeb-4dc3-a2e0-48310a534e5f" />
      <TestMethod codeBase="C:/Users/mbarton/Documents/GitHub/JellyDb/Kenny.DbEngine.Core.Test/bin/Debug/Kenny.DbEngine.Core.Test.DLL" adapterTypeName="Microsoft.VisualStudio.TestTools.TestTypes.Unit.UnitTestAdapter, Microsoft.VisualStudio.QualityTools.Tips.UnitTest.Adapter, Version=10.0.0.0, Culture=neutral, PublicKeyToken=b03f5f7f11d50a3a" className="Kenny.DbEngine.Core.Test.Integration.VirtualAddressSpace.FileBasedPersistenceTest, Kenny.DbEngine.Core.Test, Version=1.0.0.0, Culture=neutral, PublicKeyToken=null" name="FileBasedPersistence_CreateFilePersistence" />
    </UnitTest>
    <UnitTest name="ProcessIntTerms" storage="c:\users\mbarton\documents\github\jellydb\kenny.dbengine.core.test\bin\debug\kenny.dbengine.core.test.dll" id="9e1f7b7f-9a9d-1de6-78cd-c874ff4bee6c">
      <Execution id="7822c3ae-59ee-4794-86fa-1b4cc24373d1" />
      <TestMethod codeBase="C:/Users/mbarton/Documents/GitHub/JellyDb/Kenny.DbEngine.Core.Test/bin/Debug/Kenny.DbEngine.Core.Test.DLL" adapterTypeName="Microsoft.VisualStudio.TestTools.TestTypes.Unit.UnitTestAdapter, Microsoft.VisualStudio.QualityTools.Tips.UnitTest.Adapter, Version=10.0.0.0, Culture=neutral, PublicKeyToken=b03f5f7f11d50a3a" className="Kenny.DbEngine.Core.Test.Unit.Sql.Dml.AdditionOperatorTest, Kenny.DbEngine.Core.Test, Version=1.0.0.0, Culture=neutral, PublicKeyToken=null" name="ProcessIntTerms" />
    </UnitTest>
    <UnitTest name="ProcessDateTimeTerms" storage="c:\users\mbarton\documents\github\jellydb\kenny.dbengine.core.test\bin\debug\kenny.dbengine.core.test.dll" id="c38908dd-851d-3746-f6a8-9363670158e1">
      <Execution id="a13aec23-e755-4a7e-936e-9b9738a77e7e" />
      <TestMethod codeBase="C:/Users/mbarton/Documents/GitHub/JellyDb/Kenny.DbEngine.Core.Test/bin/Debug/Kenny.DbEngine.Core.Test.DLL" adapterTypeName="Microsoft.VisualStudio.TestTools.TestTypes.Unit.UnitTestAdapter, Microsoft.VisualStudio.QualityTools.Tips.UnitTest.Adapter, Version=10.0.0.0, Culture=neutral, PublicKeyToken=b03f5f7f11d50a3a" className="Kenny.DbEngine.Core.Test.Unit.Sql.Dml.AdditionOperatorTest, Kenny.DbEngine.Core.Test, Version=1.0.0.0, Culture=neutral, PublicKeyToken=null" name="ProcessDateTimeTerms" />
    </UnitTest>
    <UnitTest name="PageIndex_MoveSummaryFromEmptyToUsed" storage="c:\users\mbarton\documents\github\jellydb\kenny.dbengine.core.test\bin\debug\kenny.dbengine.core.test.dll" id="afcd9427-9fd6-56f7-9d21-8898c73e67d4">
      <Execution id="f3c99a0d-f0f3-4a1b-9fc7-e0b4efd01ee4" />
      <TestMethod codeBase="C:/Users/mbarton/Documents/GitHub/JellyDb/Kenny.DbEngine.Core.Test/bin/Debug/Kenny.DbEngine.Core.Test.DLL" adapterTypeName="Microsoft.VisualStudio.TestTools.TestTypes.Unit.UnitTestAdapter, Microsoft.VisualStudio.QualityTools.Tips.UnitTest.Adapter, Version=10.0.0.0, Culture=neutral, PublicKeyToken=b03f5f7f11d50a3a" className="Kenny.DbEngine.Core.Test.Unit.VirtualAddressSpace.PageIndexTest, Kenny.DbEngine.Core.Test, Version=1.0.0.0, Culture=neutral, PublicKeyToken=null" name="PageIndex_MoveSummaryFromEmptyToUsed" />
    </UnitTest>
    <UnitTest name="FileBasedPersistence_SaveAndGetScatteredData" storage="c:\users\mbarton\documents\github\jellydb\kenny.dbengine.core.test\bin\debug\kenny.dbengine.core.test.dll" id="60908062-6452-d125-fe18-ff95ec4cdd44">
      <Execution id="041442a0-621d-4b69-ade4-fc8a0237952c" />
      <TestMethod codeBase="C:/Users/mbarton/Documents/GitHub/JellyDb/Kenny.DbEngine.Core.Test/bin/Debug/Kenny.DbEngine.Core.Test.DLL" adapterTypeName="Microsoft.VisualStudio.TestTools.TestTypes.Unit.UnitTestAdapter, Microsoft.VisualStudio.QualityTools.Tips.UnitTest.Adapter, Version=10.0.0.0, Culture=neutral, PublicKeyToken=b03f5f7f11d50a3a" className="Kenny.DbEngine.Core.Test.Integration.VirtualAddressSpace.FileBasedPersistenceTest, Kenny.DbEngine.Core.Test, Version=1.0.0.0, Culture=neutral, PublicKeyToken=null" name="FileBasedPersistence_SaveAndGetScatteredData" />
    </UnitTest>
    <UnitTest name="PageIndex_MoveSummaryFromEmptyToNew" storage="c:\users\mbarton\documents\github\jellydb\kenny.dbengine.core.test\bin\debug\kenny.dbengine.core.test.dll" id="85edd128-399e-6909-5e40-142d506322d6">
      <Execution id="b4bbc969-2bf5-4998-8993-3e9b9d61ab52" />
      <TestMethod codeBase="C:/Users/mbarton/Documents/GitHub/JellyDb/Kenny.DbEngine.Core.Test/bin/Debug/Kenny.DbEngine.Core.Test.DLL" adapterTypeName="Microsoft.VisualStudio.TestTools.TestTypes.Unit.UnitTestAdapter, Microsoft.VisualStudio.QualityTools.Tips.UnitTest.Adapter, Version=10.0.0.0, Culture=neutral, PublicKeyToken=b03f5f7f11d50a3a" className="Kenny.DbEngine.Core.Test.Unit.VirtualAddressSpace.PageIndexTest, Kenny.DbEngine.Core.Test, Version=1.0.0.0, Culture=neutral, PublicKeyToken=null" name="PageIndex_MoveSummaryFromEmptyToNew" />
    </UnitTest>
    <UnitTest name="ProcessStringTerms" storage="c:\users\mbarton\documents\github\jellydb\kenny.dbengine.core.test\bin\debug\kenny.dbengine.core.test.dll" id="2d19ec51-6ecc-7b4e-8913-30e57872ac45">
      <Execution id="87204f16-01db-402b-a07c-7a3994120a1f" />
      <TestMethod codeBase="C:/Users/mbarton/Documents/GitHub/JellyDb/Kenny.DbEngine.Core.Test/bin/Debug/Kenny.DbEngine.Core.Test.DLL" adapterTypeName="Microsoft.VisualStudio.TestTools.TestTypes.Unit.UnitTestAdapter, Microsoft.VisualStudio.QualityTools.Tips.UnitTest.Adapter, Version=10.0.0.0, Culture=neutral, PublicKeyToken=b03f5f7f11d50a3a" className="Kenny.DbEngine.Core.Test.Unit.Sql.Dml.AdditionOperatorTest, Kenny.DbEngine.Core.Test, Version=1.0.0.0, Culture=neutral, PublicKeyToken=null" name="ProcessStringTerms" />
    </UnitTest>
    <UnitTest name="FileBasedPersitence_SaveMultipleAddressSpacesWithOneFullOfdata" storage="c:\users\mbarton\documents\github\jellydb\kenny.dbengine.core.test\bin\debug\kenny.dbengine.core.test.dll" id="bb0af259-8772-114f-7ba4-993c68cfbc60">
      <Execution id="24688344-9361-4362-8a1b-7b41e43ea443" />
      <TestMethod codeBase="C:/Users/mbarton/Documents/GitHub/JellyDb/Kenny.DbEngine.Core.Test/bin/Debug/Kenny.DbEngine.Core.Test.DLL" adapterTypeName="Microsoft.VisualStudio.TestTools.TestTypes.Unit.UnitTestAdapter, Microsoft.VisualStudio.QualityTools.Tips.UnitTest.Adapter, Version=10.0.0.0, Culture=neutral, PublicKeyToken=b03f5f7f11d50a3a" className="Kenny.DbEngine.Core.Test.Integration.VirtualAddressSpace.FileBasedPersistenceTest, Kenny.DbEngine.Core.Test, Version=1.0.0.0, Culture=neutral, PublicKeyToken=null" name="FileBasedPersitence_SaveMultipleAddressSpacesWithOneFullOfdata" />
    </UnitTest>
    <UnitTest name="PageSummary_SerializeAndDeSerialize" storage="c:\users\mbarton\documents\github\jellydb\kenny.dbengine.core.test\bin\debug\kenny.dbengine.core.test.dll" id="8a378442-5b83-93fb-2c2a-cf9022a4f719">
      <Execution id="2a97e613-0c4c-478d-9cc4-b05f1767b711" />
      <TestMethod codeBase="C:/Users/mbarton/Documents/GitHub/JellyDb/Kenny.DbEngine.Core.Test/bin/Debug/Kenny.DbEngine.Core.Test.DLL" adapterTypeName="Microsoft.VisualStudio.TestTools.TestTypes.Unit.UnitTestAdapter, Microsoft.VisualStudio.QualityTools.Tips.UnitTest.Adapter, Version=10.0.0.0, Culture=neutral, PublicKeyToken=b03f5f7f11d50a3a" className="Kenny.DbEngine.Core.Test.Unit.VirtualAddressSpace.PageSummaryTest, Kenny.DbEngine.Core.Test, Version=1.0.0.0, Culture=neutral, PublicKeyToken=null" name="PageSummary_SerializeAndDeSerialize" />
    </UnitTest>
    <UnitTest name="ProcessBooleanTerms" storage="c:\users\mbarton\documents\github\jellydb\kenny.dbengine.core.test\bin\debug\kenny.dbengine.core.test.dll" id="f0784d3e-d072-f7b4-b605-f4392b7fbbb2">
      <Execution id="f57c585c-8125-4c33-98d9-dcd3d1b1a101" />
      <TestMethod codeBase="C:/Users/mbarton/Documents/GitHub/JellyDb/Kenny.DbEngine.Core.Test/bin/Debug/Kenny.DbEngine.Core.Test.DLL" adapterTypeName="Microsoft.VisualStudio.TestTools.TestTypes.Unit.UnitTestAdapter, Microsoft.VisualStudio.QualityTools.Tips.UnitTest.Adapter, Version=10.0.0.0, Culture=neutral, PublicKeyToken=b03f5f7f11d50a3a" className="Kenny.DbEngine.Core.Test.Unit.Sql.Dml.AdditionOperatorTest, Kenny.DbEngine.Core.Test, Version=1.0.0.0, Culture=neutral, PublicKeyToken=null" name="ProcessBooleanTerms" />
    </UnitTest>
  </TestDefinitions>
  <TestLists>
    <TestList name="Results Not in a List" id="8c84fa94-04c1-424b-9868-57a2d4851a1d" />
    <TestList name="All Loaded Results" id="19431567-8539-422a-85d7-44ee4e166bda" />
  </TestLists>
  <TestEntries>
    <TestEntry testId="0301d618-d9cd-ef66-16af-23249f7ab58f" executionId="bca836c9-b856-4287-89e4-1b9f30f96642" testListId="8c84fa94-04c1-424b-9868-57a2d4851a1d" />
    <TestEntry testId="08bafab3-fda9-39da-c05d-ad8da4059cad" executionId="e74250e6-77fc-4020-a65d-818b3748f8df" testListId="8c84fa94-04c1-424b-9868-57a2d4851a1d" />
    <TestEntry testId="12b3eacc-184a-66b3-7f4f-faa64ca3b7fd" executionId="36e142b8-9314-499e-92e9-cea1113c38cc" testListId="8c84fa94-04c1-424b-9868-57a2d4851a1d" />
    <TestEntry testId="21ca34bf-5da9-18dc-0712-e433d60aa621" executionId="1d025bff-adef-4006-b79f-4188cb746bc4" testListId="8c84fa94-04c1-424b-9868-57a2d4851a1d" />
    <TestEntry testId="225680d3-3a0f-7f06-ee1a-59784201cb83" executionId="25c1f126-2eeb-4dc3-a2e0-48310a534e5f" testListId="8c84fa94-04c1-424b-9868-57a2d4851a1d" />
    <TestEntry testId="2d19ec51-6ecc-7b4e-8913-30e57872ac45" executionId="87204f16-01db-402b-a07c-7a3994120a1f" testListId="8c84fa94-04c1-424b-9868-57a2d4851a1d" />
    <TestEntry testId="2dc9ac02-d384-a255-5745-fc5b6b32922e" executionId="37c73fb4-b40a-451a-8157-04739dfd30c6" testListId="8c84fa94-04c1-424b-9868-57a2d4851a1d" />
    <TestEntry testId="3e160a96-5ea1-20e7-d628-bced2c91679f" executionId="2702728a-636f-4214-841f-110917fe4a2e" testListId="8c84fa94-04c1-424b-9868-57a2d4851a1d" />
    <TestEntry testId="46303218-6d5f-2fcf-0e28-6682fecc152b" executionId="cf15946e-7491-45cb-9538-89a990913dea" testListId="8c84fa94-04c1-424b-9868-57a2d4851a1d" />
    <TestEntry testId="60908062-6452-d125-fe18-ff95ec4cdd44" executionId="041442a0-621d-4b69-ade4-fc8a0237952c" testListId="8c84fa94-04c1-424b-9868-57a2d4851a1d" />
    <TestEntry testId="6c64504c-115d-de79-65ca-3d3b6cce1d7f" executionId="28451bfd-90e1-4307-bc69-8f5fd1597ace" testListId="8c84fa94-04c1-424b-9868-57a2d4851a1d" />
    <TestEntry testId="715013c5-f6e3-751c-6e20-23a09b3d91f8" executionId="540071ee-57e9-456d-a348-d31b8531c5e9" testListId="8c84fa94-04c1-424b-9868-57a2d4851a1d" />
    <TestEntry testId="7c6fd982-741c-25f1-0717-02dff2f9a048" executionId="3639ba27-1405-4662-8bee-345b48ac1a1f" testListId="8c84fa94-04c1-424b-9868-57a2d4851a1d" />
    <TestEntry testId="85edd128-399e-6909-5e40-142d506322d6" executionId="b4bbc969-2bf5-4998-8993-3e9b9d61ab52" testListId="8c84fa94-04c1-424b-9868-57a2d4851a1d" />
    <TestEntry testId="8a378442-5b83-93fb-2c2a-cf9022a4f719" executionId="2a97e613-0c4c-478d-9cc4-b05f1767b711" testListId="8c84fa94-04c1-424b-9868-57a2d4851a1d" />
    <TestEntry testId="9e1f7b7f-9a9d-1de6-78cd-c874ff4bee6c" executionId="7822c3ae-59ee-4794-86fa-1b4cc24373d1" testListId="8c84fa94-04c1-424b-9868-57a2d4851a1d" />
    <TestEntry testId="a10bb2cd-574a-436c-87b9-0ab1686a8c01" executionId="10ef0b6b-0fd7-47de-845b-22e2777f87d5" testListId="8c84fa94-04c1-424b-9868-57a2d4851a1d" />
    <TestEntry testId="a385ebfd-3e56-5db8-780c-b4a39e36ab7c" executionId="b0207c88-ebad-4f92-9ccf-66f7d18ad550" testListId="8c84fa94-04c1-424b-9868-57a2d4851a1d" />
    <TestEntry testId="a5e4b6a9-8a72-d442-9dc9-92cc31b491ee" executionId="5414fc6b-8e39-4a9d-9c3a-b7ce5a8ffa77" testListId="8c84fa94-04c1-424b-9868-57a2d4851a1d" />
    <TestEntry testId="afcd9427-9fd6-56f7-9d21-8898c73e67d4" executionId="f3c99a0d-f0f3-4a1b-9fc7-e0b4efd01ee4" testListId="8c84fa94-04c1-424b-9868-57a2d4851a1d" />
    <TestEntry testId="bb0af259-8772-114f-7ba4-993c68cfbc60" executionId="24688344-9361-4362-8a1b-7b41e43ea443" testListId="8c84fa94-04c1-424b-9868-57a2d4851a1d" />
    <TestEntry testId="bdb382b0-f425-3516-43ce-eb0d649ffb1d" executionId="820235eb-3c1c-4b6d-a321-5892b7122085" testListId="8c84fa94-04c1-424b-9868-57a2d4851a1d" />
    <TestEntry testId="c38908dd-851d-3746-f6a8-9363670158e1" executionId="a13aec23-e755-4a7e-936e-9b9738a77e7e" testListId="8c84fa94-04c1-424b-9868-57a2d4851a1d" />
    <TestEntry testId="ce3d2fea-8dd4-4e47-7649-33de8d426b39" executionId="9d4a3ab8-c337-4fae-ac42-da9f5060fac8" testListId="8c84fa94-04c1-424b-9868-57a2d4851a1d" />
    <TestEntry testId="f0784d3e-d072-f7b4-b605-f4392b7fbbb2" executionId="f57c585c-8125-4c33-98d9-dcd3d1b1a101" testListId="8c84fa94-04c1-424b-9868-57a2d4851a1d" />
    <TestEntry testId="f24b8079-7a7b-486d-9b45-80f98756b05d" executionId="4afc745c-8a5b-4b26-b89f-3ad0e35eac5c" testListId="8c84fa94-04c1-424b-9868-57a2d4851a1d" />
    <TestEntry testId="fae5e2d2-ed07-622f-bada-5a5c830d1e52" executionId="ee695415-87f8-4fe0-9260-e29de58e3a95" testListId="8c84fa94-04c1-424b-9868-57a2d4851a1d" />
  </TestEntries>
  <Results>
    <UnitTestResult executionId="bca836c9-b856-4287-89e4-1b9f30f96642" testId="0301d618-d9cd-ef66-16af-23249f7ab58f" testName="ProcessValueTerms" computerName="W01319" duration="00:00:00.0085156" startTime="2013-09-11T09:49:37.2189518+10:00" endTime="2013-09-11T09:49:37.3989621+10:00" testType="13cdc9d9-ddb5-4fa4-a97d-d965ccfc6d4b" outcome="Passed" testListId="8c84fa94-04c1-424b-9868-57a2d4851a1d" relativeResultsDirectory="bca836c9-b856-4287-89e4-1b9f30f96642">
    </UnitTestResult>
    <UnitTestResult executionId="e74250e6-77fc-4020-a65d-818b3748f8df" testId="08bafab3-fda9-39da-c05d-ad8da4059cad" testName="PageIndex_CreatePageIndexWithEntries" computerName="W01319" duration="00:00:00.0060166" startTime="2013-09-11T09:49:37.3999622+10:00" endTime="2013-09-11T09:49:37.4079626+10:00" testType="13cdc9d9-ddb5-4fa4-a97d-d965ccfc6d4b" outcome="Passed" testListId="8c84fa94-04c1-424b-9868-57a2d4851a1d" relativeResultsDirectory="e74250e6-77fc-4020-a65d-818b3748f8df">
    </UnitTestResult>
    <UnitTestResult executionId="36e142b8-9314-499e-92e9-cea1113c38cc" testId="12b3eacc-184a-66b3-7f4f-faa64ca3b7fd" testName="PageIndex_UpdateEntryInPageIndex" computerName="W01319" duration="00:00:00.0017601" startTime="2013-09-11T09:49:37.4089627+10:00" endTime="2013-09-11T09:49:37.4119628+10:00" testType="13cdc9d9-ddb5-4fa4-a97d-d965ccfc6d4b" outcome="Passed" testListId="8c84fa94-04c1-424b-9868-57a2d4851a1d" relativeResultsDirectory="36e142b8-9314-499e-92e9-cea1113c38cc">
    </UnitTestResult>
    <UnitTestResult executionId="1d025bff-adef-4006-b79f-4188cb746bc4" testId="21ca34bf-5da9-18dc-0712-e433d60aa621" testName="ProcessColumnNameTerms" computerName="W01319" duration="00:00:00.0034042" startTime="2013-09-11T09:49:37.4129629+10:00" endTime="2013-09-11T09:49:37.4179632+10:00" testType="13cdc9d9-ddb5-4fa4-a97d-d965ccfc6d4b" outcome="Passed" testListId="8c84fa94-04c1-424b-9868-57a2d4851a1d" relativeResultsDirectory="1d025bff-adef-4006-b79f-4188cb746bc4">
    </UnitTestResult>
    <UnitTestResult executionId="25c1f126-2eeb-4dc3-a2e0-48310a534e5f" testId="225680d3-3a0f-7f06-ee1a-59784201cb83" testName="FileBasedPersistence_CreateFilePersistence" computerName="W01319" duration="00:00:00.0062983" startTime="2013-09-11T09:49:37.4189632+10:00" endTime="2013-09-11T09:49:37.4269637+10:00" testType="13cdc9d9-ddb5-4fa4-a97d-d965ccfc6d4b" outcome="Passed" testListId="8c84fa94-04c1-424b-9868-57a2d4851a1d" relativeResultsDirectory="25c1f126-2eeb-4dc3-a2e0-48310a534e5f">
    </UnitTestResult>
    <UnitTestResult executionId="87204f16-01db-402b-a07c-7a3994120a1f" testId="2d19ec51-6ecc-7b4e-8913-30e57872ac45" testName="ProcessStringTerms" computerName="W01319" duration="00:00:00.0000667" startTime="2013-09-11T09:49:37.4269637+10:00" endTime="2013-09-11T09:49:37.4289638+10:00" testType="13cdc9d9-ddb5-4fa4-a97d-d965ccfc6d4b" outcome="Passed" testListId="8c84fa94-04c1-424b-9868-57a2d4851a1d" relativeResultsDirectory="87204f16-01db-402b-a07c-7a3994120a1f">
    </UnitTestResult>
    <UnitTestResult executionId="37c73fb4-b40a-451a-8157-04739dfd30c6" testId="2dc9ac02-d384-a255-5745-fc5b6b32922e" testName="PageIndex_CreateEmptyPageIndex" computerName="W01319" duration="00:00:00.0001113" startTime="2013-09-11T09:49:37.4299639+10:00" endTime="2013-09-11T09:49:37.4309639+10:00" testType="13cdc9d9-ddb5-4fa4-a97d-d965ccfc6d4b" outcome="Passed" testListId="8c84fa94-04c1-424b-9868-57a2d4851a1d" relativeResultsDirectory="37c73fb4-b40a-451a-8157-04739dfd30c6">
    </UnitTestResult>
    <UnitTestResult executionId="2702728a-636f-4214-841f-110917fe4a2e" testId="3e160a96-5ea1-20e7-d628-bced2c91679f" testName="PageIndex_AddEntryToPageIndexWithEntries" computerName="W01319" duration="00:00:00.0005148" startTime="2013-09-11T09:49:37.4319640+10:00" endTime="2013-09-11T09:49:37.4339641+10:00" testType="13cdc9d9-ddb5-4fa4-a97d-d965ccfc6d4b" outcome="Passed" testListId="8c84fa94-04c1-424b-9868-57a2d4851a1d" relativeResultsDirectory="2702728a-636f-4214-841f-110917fe4a2e">
    </UnitTestResult>
    <UnitTestResult executionId="cf15946e-7491-45cb-9538-89a990913dea" testId="46303218-6d5f-2fcf-0e28-6682fecc152b" testName="PageIndex_OpenExistingPageIndex" computerName="W01319" duration="00:00:00.0014037" startTime="2013-09-11T09:49:37.4349642+10:00" endTime="2013-09-11T09:49:37.4379643+10:00" testType="13cdc9d9-ddb5-4fa4-a97d-d965ccfc6d4b" outcome="Passed" testListId="8c84fa94-04c1-424b-9868-57a2d4851a1d" relativeResultsDirectory="cf15946e-7491-45cb-9538-89a990913dea">
    </UnitTestResult>
    <UnitTestResult executionId="041442a0-621d-4b69-ade4-fc8a0237952c" testId="60908062-6452-d125-fe18-ff95ec4cdd44" testName="FileBasedPersistence_SaveAndGetScatteredData" computerName="W01319" duration="00:00:00.0074644" startTime="2013-09-11T09:49:37.4389644+10:00" endTime="2013-09-11T09:49:37.4479649+10:00" testType="13cdc9d9-ddb5-4fa4-a97d-d965ccfc6d4b" outcome="Passed" testListId="8c84fa94-04c1-424b-9868-57a2d4851a1d" relativeResultsDirectory="041442a0-621d-4b69-ade4-fc8a0237952c">
    </UnitTestResult>
    <UnitTestResult executionId="28451bfd-90e1-4307-bc69-8f5fd1597ace" testId="6c64504c-115d-de79-65ca-3d3b6cce1d7f" testName="PageSummary_CreateFromStreamEmpty" computerName="W01319" duration="00:00:00.0014473" startTime="2013-09-11T09:49:37.4489650+10:00" endTime="2013-09-11T09:49:37.4519651+10:00" testType="13cdc9d9-ddb5-4fa4-a97d-d965ccfc6d4b" outcome="Passed" testListId="8c84fa94-04c1-424b-9868-57a2d4851a1d" relativeResultsDirectory="28451bfd-90e1-4307-bc69-8f5fd1597ace">
    </UnitTestResult>
    <UnitTestResult executionId="540071ee-57e9-456d-a348-d31b8531c5e9" testId="715013c5-f6e3-751c-6e20-23a09b3d91f8" testName="ProcessNullTerms" computerName="W01319" duration="00:00:00.0000657" startTime="2013-09-11T09:49:37.4529652+10:00" endTime="2013-09-11T09:49:37.4539652+10:00" testType="13cdc9d9-ddb5-4fa4-a97d-d965ccfc6d4b" outcome="Passed" testListId="8c84fa94-04c1-424b-9868-57a2d4851a1d" relativeResultsDirectory="540071ee-57e9-456d-a348-d31b8531c5e9">
    </UnitTestResult>
    <UnitTestResult executionId="3639ba27-1405-4662-8bee-345b48ac1a1f" testId="7c6fd982-741c-25f1-0717-02dff2f9a048" testName="GetConfigurationSection" computerName="W01319" duration="00:00:00.0003037" startTime="2013-09-11T09:49:37.4549653+10:00" endTime="2013-09-11T09:49:37.4569654+10:00" testType="13cdc9d9-ddb5-4fa4-a97d-d965ccfc6d4b" outcome="Passed" testListId="8c84fa94-04c1-424b-9868-57a2d4851a1d" relativeResultsDirectory="3639ba27-1405-4662-8bee-345b48ac1a1f">
    </UnitTestResult>
    <UnitTestResult executionId="b4bbc969-2bf5-4998-8993-3e9b9d61ab52" testId="85edd128-399e-6909-5e40-142d506322d6" testName="PageIndex_MoveSummaryFromEmptyToNew" computerName="W01319" duration="00:00:00.0005706" startTime="2013-09-11T09:49:37.4579655+10:00" endTime="2013-09-11T09:49:37.4599656+10:00" testType="13cdc9d9-ddb5-4fa4-a97d-d965ccfc6d4b" outcome="Passed" testListId="8c84fa94-04c1-424b-9868-57a2d4851a1d" relativeResultsDirectory="b4bbc969-2bf5-4998-8993-3e9b9d61ab52">
    </UnitTestResult>
    <UnitTestResult executionId="2a97e613-0c4c-478d-9cc4-b05f1767b711" testId="8a378442-5b83-93fb-2c2a-cf9022a4f719" testName="PageSummary_SerializeAndDeSerialize" computerName="W01319" duration="00:00:00.0003653" startTime="2013-09-11T09:49:37.4609656+10:00" endTime="2013-09-11T09:49:37.4629658+10:00" testType="13cdc9d9-ddb5-4fa4-a97d-d965ccfc6d4b" outcome="Passed" testListId="8c84fa94-04c1-424b-9868-57a2d4851a1d" relativeResultsDirectory="2a97e613-0c4c-478d-9cc4-b05f1767b711">
    </UnitTestResult>
    <UnitTestResult executionId="7822c3ae-59ee-4794-86fa-1b4cc24373d1" testId="9e1f7b7f-9a9d-1de6-78cd-c874ff4bee6c" testName="ProcessIntTerms" computerName="W01319" duration="00:00:00.0000676" startTime="2013-09-11T09:49:37.4639658+10:00" endTime="2013-09-11T09:49:37.4649659+10:00" testType="13cdc9d9-ddb5-4fa4-a97d-d965ccfc6d4b" outcome="Passed" testListId="8c84fa94-04c1-424b-9868-57a2d4851a1d" relativeResultsDirectory="7822c3ae-59ee-4794-86fa-1b4cc24373d1">
    </UnitTestResult>
    <UnitTestResult executionId="10ef0b6b-0fd7-47de-845b-22e2777f87d5" testId="a10bb2cd-574a-436c-87b9-0ab1686a8c01" testName="CreateEmptyIndex" computerName="W01319" duration="00:00:00.0004269" startTime="2013-09-11T09:49:37.4659659+10:00" endTime="2013-09-11T09:49:37.4679660+10:00" testType="13cdc9d9-ddb5-4fa4-a97d-d965ccfc6d4b" outcome="Passed" testListId="8c84fa94-04c1-424b-9868-57a2d4851a1d" relativeResultsDirectory="10ef0b6b-0fd7-47de-845b-22e2777f87d5">
    </UnitTestResult>
    <UnitTestResult executionId="b0207c88-ebad-4f92-9ccf-66f7d18ad550" testId="a385ebfd-3e56-5db8-780c-b4a39e36ab7c" testName="ProcessByteArrayTerms" computerName="W01319" duration="00:00:00.0000657" startTime="2013-09-11T09:49:37.4689661+10:00" endTime="2013-09-11T09:49:37.4709662+10:00" testType="13cdc9d9-ddb5-4fa4-a97d-d965ccfc6d4b" outcome="Passed" testListId="8c84fa94-04c1-424b-9868-57a2d4851a1d" relativeResultsDirectory="b0207c88-ebad-4f92-9ccf-66f7d18ad550">
    </UnitTestResult>
    <UnitTestResult executionId="5414fc6b-8e39-4a9d-9c3a-b7ce5a8ffa77" testId="a5e4b6a9-8a72-d442-9dc9-92cc31b491ee" testName="CreateBigFileTest" computerName="W01319" duration="00:01:34.8728204" startTime="2013-09-11T09:49:37.4709662+10:00" endTime="2013-09-11T09:51:12.3463928+10:00" testType="13cdc9d9-ddb5-4fa4-a97d-d965ccfc6d4b" outcome="Passed" testListId="8c84fa94-04c1-424b-9868-57a2d4851a1d" relativeResultsDirectory="5414fc6b-8e39-4a9d-9c3a-b7ce5a8ffa77">
    </UnitTestResult>
    <UnitTestResult executionId="f3c99a0d-f0f3-4a1b-9fc7-e0b4efd01ee4" testId="afcd9427-9fd6-56f7-9d21-8898c73e67d4" testName="PageIndex_MoveSummaryFromEmptyToUsed" computerName="W01319" duration="00:00:00.0006954" startTime="2013-09-11T09:51:12.3483929+10:00" endTime="2013-09-11T09:51:12.3513931+10:00" testType="13cdc9d9-ddb5-4fa4-a97d-d965ccfc6d4b" outcome="Passed" testListId="8c84fa94-04c1-424b-9868-57a2d4851a1d" relativeResultsDirectory="f3c99a0d-f0f3-4a1b-9fc7-e0b4efd01ee4">
    </UnitTestResult>
    <UnitTestResult executionId="24688344-9361-4362-8a1b-7b41e43ea443" testId="bb0af259-8772-114f-7ba4-993c68cfbc60" testName="FileBasedPersitence_SaveMultipleAddressSpacesWithOneFullOfdata" computerName="W01319" duration="00:00:00.0065084" startTime="2013-09-11T09:51:12.3613936+10:00" endTime="2013-09-11T09:51:12.3693941+10:00" testType="13cdc9d9-ddb5-4fa4-a97d-d965ccfc6d4b" outcome="Passed" testListId="8c84fa94-04c1-424b-9868-57a2d4851a1d" relativeResultsDirectory="24688344-9361-4362-8a1b-7b41e43ea443">
    </UnitTestResult>
    <UnitTestResult executionId="820235eb-3c1c-4b6d-a321-5892b7122085" testId="bdb382b0-f425-3516-43ce-eb0d649ffb1d" testName="PageIndex_AddEntryToEmptyPageIndex" computerName="W01319" duration="00:00:00.0006794" startTime="2013-09-11T09:51:12.3713942+10:00" endTime="2013-09-11T09:51:12.3743944+10:00" testType="13cdc9d9-ddb5-4fa4-a97d-d965ccfc6d4b" outcome="Passed" testListId="8c84fa94-04c1-424b-9868-57a2d4851a1d" relativeResultsDirectory="820235eb-3c1c-4b6d-a321-5892b7122085">
    </UnitTestResult>
    <UnitTestResult executionId="a13aec23-e755-4a7e-936e-9b9738a77e7e" testId="c38908dd-851d-3746-f6a8-9363670158e1" testName="ProcessDateTimeTerms" computerName="W01319" duration="00:00:00.0000747" startTime="2013-09-11T09:51:12.3753944+10:00" endTime="2013-09-11T09:51:12.3773946+10:00" testType="13cdc9d9-ddb5-4fa4-a97d-d965ccfc6d4b" outcome="Passed" testListId="8c84fa94-04c1-424b-9868-57a2d4851a1d" relativeResultsDirectory="a13aec23-e755-4a7e-936e-9b9738a77e7e">
    </UnitTestResult>
    <UnitTestResult executionId="9d4a3ab8-c337-4fae-ac42-da9f5060fac8" testId="ce3d2fea-8dd4-4e47-7649-33de8d426b39" testName="GetConfigurationSection" computerName="W01319" duration="00:00:00.0001302" startTime="2013-09-11T09:51:12.3783946+10:00" endTime="2013-09-11T09:51:12.3803947+10:00" testType="13cdc9d9-ddb5-4fa4-a97d-d965ccfc6d4b" outcome="Passed" testListId="8c84fa94-04c1-424b-9868-57a2d4851a1d" relativeResultsDirectory="9d4a3ab8-c337-4fae-ac42-da9f5060fac8">
    </UnitTestResult>
    <UnitTestResult executionId="f57c585c-8125-4c33-98d9-dcd3d1b1a101" testId="f0784d3e-d072-f7b4-b605-f4392b7fbbb2" testName="ProcessBooleanTerms" computerName="W01319" duration="00:00:00.0000712" startTime="2013-09-11T09:51:12.3813948+10:00" endTime="2013-09-11T09:51:12.3833949+10:00" testType="13cdc9d9-ddb5-4fa4-a97d-d965ccfc6d4b" outcome="Passed" testListId="8c84fa94-04c1-424b-9868-57a2d4851a1d" relativeResultsDirectory="f57c585c-8125-4c33-98d9-dcd3d1b1a101">
    </UnitTestResult>
    <UnitTestResult executionId="4afc745c-8a5b-4b26-b89f-3ad0e35eac5c" testId="f24b8079-7a7b-486d-9b45-80f98756b05d" testName="FileBasedPersistence_SaveAndGetContiguousData" computerName="W01319" duration="00:00:00.0049751" startTime="2013-09-11T09:51:12.3843950+10:00" endTime="2013-09-11T09:51:12.3913954+10:00" testType="13cdc9d9-ddb5-4fa4-a97d-d965ccfc6d4b" outcome="Passed" testListId="8c84fa94-04c1-424b-9868-57a2d4851a1d" relativeResultsDirectory="4afc745c-8a5b-4b26-b89f-3ad0e35eac5c">
    </UnitTestResult>
    <UnitTestResult executionId="ee695415-87f8-4fe0-9260-e29de58e3a95" testId="fae5e2d2-ed07-622f-bada-5a5c830d1e52" testName="ProcessExpressionTerms" computerName="W01319" duration="00:00:00.0000843" startTime="2013-09-11T09:51:12.3913954+10:00" endTime="2013-09-11T09:51:12.3943955+10:00" testType="13cdc9d9-ddb5-4fa4-a97d-d965ccfc6d4b" outcome="Passed" testListId="8c84fa94-04c1-424b-9868-57a2d4851a1d" relativeResultsDirectory="ee695415-87f8-4fe0-9260-e29de58e3a95">
    </UnitTestResult>
  </Results>
</TestRun>