<?xml version="1.0" encoding="UTF-8"?>
<TestRun id="31dd8c77-5c4e-46a1-91b4-4a5d550450ce" name="mbarton@W01319 2013-09-11 14:16:45" runUser="LEAP\mbarton" xmlns="http://microsoft.com/schemas/VisualStudio/TeamTest/2010">
  <TestSettings name="Default Test Settings" id="c33f4b55-5179-49e3-812d-86ee2ce304c7">
    <Deployment runDeploymentRoot="mbarton_W01319 2013-09-11 14_16_45">
      <DeploymentItem filename="C:\Users\mbarton\Documents\GitHub\JellyDb\Libs\CastleWindsor\Castle.Core.dll" />
      <DeploymentItem filename="C:\Users\mbarton\Documents\GitHub\JellyDb\JellyDb.Core\bin\Debug\JellyDb.Core.dll" />
      <DeploymentItem filename="C:\Users\mbarton\Documents\GitHub\JellyDb\Libs\CastleWindsor\Castle.Windsor.dll" />
      <DeploymentItem filename="C:\Users\mbarton\Documents\GitHub\JellyDb\Libs\RhinoMock\Rhino.Mocks.dll" />
    </Deployment>
    <Execution>
      <TestTypeSpecific />
      <AgentRule name="Execution Agents">
      </AgentRule>
    </Execution>
  </TestSettings>
  <Times creation="2013-09-11T14:16:45.4537144+10:00" queuing="2013-09-11T14:16:45.6147236+10:00" start="2013-09-11T14:16:45.6207239+10:00" finish="2013-09-11T14:17:52.1585297+10:00" />
  <ResultSummary outcome="Failed">
    <Counters total="27" executed="27" passed="26" error="0" failed="1" timeout="0" aborted="0" inconclusive="0" passedButRunAborted="0" notRunnable="0" notExecuted="0" disconnected="0" warning="0" completed="0" inProgress="0" pending="0" />
  </ResultSummary>
  <TestDefinitions>
    <UnitTest name="ProcessDateTimeTerms" storage="c:\users\mbarton\documents\github\jellydb\jellydb.core.test\bin\debug\jellydb.core.test.dll" id="9c2badf9-9fee-734f-77b3-61a9b619bf09">
      <Execution id="49050ea6-85b8-430b-a7e6-e52d4e5ebc66" />
      <TestMethod codeBase="C:/Users/mbarton/Documents/GitHub/JellyDb/JellyDb.Core.Test/bin/Debug/JellyDb.Core.Test.DLL" adapterTypeName="Microsoft.VisualStudio.TestTools.TestTypes.Unit.UnitTestAdapter, Microsoft.VisualStudio.QualityTools.Tips.UnitTest.Adapter, Version=10.0.0.0, Culture=neutral, PublicKeyToken=b03f5f7f11d50a3a" className="JellyDb.Core.Test.Unit.Sql.Dml.AdditionOperatorTest, JellyDb.Core.Test, Version=1.0.0.0, Culture=neutral, PublicKeyToken=null" name="ProcessDateTimeTerms" />
    </UnitTest>
    <UnitTest name="FileBasedPersitence_SaveMultipleAddressSpacesWithOneFullOfdata" storage="c:\users\mbarton\documents\github\jellydb\jellydb.core.test\bin\debug\jellydb.core.test.dll" id="ce8670ce-0545-ed2a-9157-63e5ede7959b">
      <Execution id="ff1d59d7-64eb-46e9-99c2-44afc1d884c2" />
      <TestMethod codeBase="C:/Users/mbarton/Documents/GitHub/JellyDb/JellyDb.Core.Test/bin/Debug/JellyDb.Core.Test.DLL" adapterTypeName="Microsoft.VisualStudio.TestTools.TestTypes.Unit.UnitTestAdapter, Microsoft.VisualStudio.QualityTools.Tips.UnitTest.Adapter, Version=10.0.0.0, Culture=neutral, PublicKeyToken=b03f5f7f11d50a3a" className="JellyDb.Core.Test.Integration.VirtualAddressSpace.FileDataPersistenceTest, JellyDb.Core.Test, Version=1.0.0.0, Culture=neutral, PublicKeyToken=null" name="FileBasedPersitence_SaveMultipleAddressSpacesWithOneFullOfdata" />
    </UnitTest>
    <UnitTest name="PageIndex_UpdateEntryInPageIndex" storage="c:\users\mbarton\documents\github\jellydb\jellydb.core.test\bin\debug\jellydb.core.test.dll" id="80fe3e76-d3e7-e13f-b6a0-53b8a32c2690">
      <Execution id="62ed3b14-90d1-4b0c-9c91-c7b5b8556ea1" />
      <TestMethod codeBase="C:/Users/mbarton/Documents/GitHub/JellyDb/JellyDb.Core.Test/bin/Debug/JellyDb.Core.Test.DLL" adapterTypeName="Microsoft.VisualStudio.TestTools.TestTypes.Unit.UnitTestAdapter, Microsoft.VisualStudio.QualityTools.Tips.UnitTest.Adapter, Version=10.0.0.0, Culture=neutral, PublicKeyToken=b03f5f7f11d50a3a" className="JellyDb.Core.Test.Unit.VirtualAddressSpace.PageIndexTest, JellyDb.Core.Test, Version=1.0.0.0, Culture=neutral, PublicKeyToken=null" name="PageIndex_UpdateEntryInPageIndex" />
    </UnitTest>
    <UnitTest name="ProcessValueTerms" storage="c:\users\mbarton\documents\github\jellydb\jellydb.core.test\bin\debug\jellydb.core.test.dll" id="e31b973c-26ff-3e19-c529-ed18b8a8dc70">
      <Execution id="cc0f6cf4-7ed0-4dbd-b582-bbe50f52a0dd" />
      <TestMethod codeBase="C:/Users/mbarton/Documents/GitHub/JellyDb/JellyDb.Core.Test/bin/Debug/JellyDb.Core.Test.DLL" adapterTypeName="Microsoft.VisualStudio.TestTools.TestTypes.Unit.UnitTestAdapter, Microsoft.VisualStudio.QualityTools.Tips.UnitTest.Adapter, Version=10.0.0.0, Culture=neutral, PublicKeyToken=b03f5f7f11d50a3a" className="JellyDb.Core.Test.Unit.Sql.Dml.AdditionOperatorTest, JellyDb.Core.Test, Version=1.0.0.0, Culture=neutral, PublicKeyToken=null" name="ProcessValueTerms" />
    </UnitTest>
    <UnitTest name="ProcessNullTerms" storage="c:\users\mbarton\documents\github\jellydb\jellydb.core.test\bin\debug\jellydb.core.test.dll" id="4af02169-5d25-369f-90b8-cb639bd2ea5c">
      <Execution id="65d9c096-5fff-4014-a45b-a6b3f01fe747" />
      <TestMethod codeBase="C:/Users/mbarton/Documents/GitHub/JellyDb/JellyDb.Core.Test/bin/Debug/JellyDb.Core.Test.DLL" adapterTypeName="Microsoft.VisualStudio.TestTools.TestTypes.Unit.UnitTestAdapter, Microsoft.VisualStudio.QualityTools.Tips.UnitTest.Adapter, Version=10.0.0.0, Culture=neutral, PublicKeyToken=b03f5f7f11d50a3a" className="JellyDb.Core.Test.Unit.Sql.Dml.AdditionOperatorTest, JellyDb.Core.Test, Version=1.0.0.0, Culture=neutral, PublicKeyToken=null" name="ProcessNullTerms" />
    </UnitTest>
    <UnitTest name="ProcessColumnNameTerms" storage="c:\users\mbarton\documents\github\jellydb\jellydb.core.test\bin\debug\jellydb.core.test.dll" id="0ed84d92-76a5-8a83-5653-5189bcef2f9d">
      <Execution id="ada53162-6a61-48ea-81af-6169f9f3fafa" />
      <TestMethod codeBase="C:/Users/mbarton/Documents/GitHub/JellyDb/JellyDb.Core.Test/bin/Debug/JellyDb.Core.Test.DLL" adapterTypeName="Microsoft.VisualStudio.TestTools.TestTypes.Unit.UnitTestAdapter, Microsoft.VisualStudio.QualityTools.Tips.UnitTest.Adapter, Version=10.0.0.0, Culture=neutral, PublicKeyToken=b03f5f7f11d50a3a" className="JellyDb.Core.Test.Unit.Sql.Dml.AdditionOperatorTest, JellyDb.Core.Test, Version=1.0.0.0, Culture=neutral, PublicKeyToken=null" name="ProcessColumnNameTerms" />
    </UnitTest>
    <UnitTest name="FileBasedPersistence_SaveAndGetContiguousData" storage="c:\users\mbarton\documents\github\jellydb\jellydb.core.test\bin\debug\jellydb.core.test.dll" id="4e525e81-d5fe-4a91-345c-03adffe73ad6">
      <Execution id="7976c92b-3402-411e-9a9d-a30924f49d17" />
      <TestMethod codeBase="C:/Users/mbarton/Documents/GitHub/JellyDb/JellyDb.Core.Test/bin/Debug/JellyDb.Core.Test.DLL" adapterTypeName="Microsoft.VisualStudio.TestTools.TestTypes.Unit.UnitTestAdapter, Microsoft.VisualStudio.QualityTools.Tips.UnitTest.Adapter, Version=10.0.0.0, Culture=neutral, PublicKeyToken=b03f5f7f11d50a3a" className="JellyDb.Core.Test.Integration.VirtualAddressSpace.FileDataPersistenceTest, JellyDb.Core.Test, Version=1.0.0.0, Culture=neutral, PublicKeyToken=null" name="FileBasedPersistence_SaveAndGetContiguousData" />
    </UnitTest>
    <UnitTest name="GetConfigurationSection" storage="c:\users\mbarton\documents\github\jellydb\jellydb.core.test\bin\debug\jellydb.core.test.dll" id="f7f12146-ccb1-1bbb-f0fe-3f5edcc40872">
      <Execution id="f1c3e45f-65d4-4df4-b2d8-3be2c11e1b93" />
      <TestMethod codeBase="C:/Users/mbarton/Documents/GitHub/JellyDb/JellyDb.Core.Test/bin/Debug/JellyDb.Core.Test.DLL" adapterTypeName="Microsoft.VisualStudio.TestTools.TestTypes.Unit.UnitTestAdapter, Microsoft.VisualStudio.QualityTools.Tips.UnitTest.Adapter, Version=10.0.0.0, Culture=neutral, PublicKeyToken=b03f5f7f11d50a3a" className="JellyDb.Core.Test.Unit.Configuration.DbEngineConfigurationSectionTest, JellyDb.Core.Test, Version=1.0.0.0, Culture=neutral, PublicKeyToken=null" name="GetConfigurationSection" />
    </UnitTest>
    <UnitTest name="PageIndex_MoveSummaryFromEmptyToNew" storage="c:\users\mbarton\documents\github\jellydb\jellydb.core.test\bin\debug\jellydb.core.test.dll" id="c4d13e3d-7b47-24ee-bcea-9d99206145a6">
      <Execution id="b4f396ca-3b74-462f-9a84-7ee79ffa3c4b" />
      <TestMethod codeBase="C:/Users/mbarton/Documents/GitHub/JellyDb/JellyDb.Core.Test/bin/Debug/JellyDb.Core.Test.DLL" adapterTypeName="Microsoft.VisualStudio.TestTools.TestTypes.Unit.UnitTestAdapter, Microsoft.VisualStudio.QualityTools.Tips.UnitTest.Adapter, Version=10.0.0.0, Culture=neutral, PublicKeyToken=b03f5f7f11d50a3a" className="JellyDb.Core.Test.Unit.VirtualAddressSpace.PageIndexTest, JellyDb.Core.Test, Version=1.0.0.0, Culture=neutral, PublicKeyToken=null" name="PageIndex_MoveSummaryFromEmptyToNew" />
    </UnitTest>
    <UnitTest name="PageIndex_AddEntryToEmptyPageIndex" storage="c:\users\mbarton\documents\github\jellydb\jellydb.core.test\bin\debug\jellydb.core.test.dll" id="c6f322d7-1ac1-424c-933e-628dda640841">
      <Execution id="ea448a92-10e2-46cd-835f-0abd1e16b969" />
      <TestMethod codeBase="C:/Users/mbarton/Documents/GitHub/JellyDb/JellyDb.Core.Test/bin/Debug/JellyDb.Core.Test.DLL" adapterTypeName="Microsoft.VisualStudio.TestTools.TestTypes.Unit.UnitTestAdapter, Microsoft.VisualStudio.QualityTools.Tips.UnitTest.Adapter, Version=10.0.0.0, Culture=neutral, PublicKeyToken=b03f5f7f11d50a3a" className="JellyDb.Core.Test.Unit.VirtualAddressSpace.PageIndexTest, JellyDb.Core.Test, Version=1.0.0.0, Culture=neutral, PublicKeyToken=null" name="PageIndex_AddEntryToEmptyPageIndex" />
    </UnitTest>
    <UnitTest name="FileBasedPersistence_CreateFilePersistence" storage="c:\users\mbarton\documents\github\jellydb\jellydb.core.test\bin\debug\jellydb.core.test.dll" id="36d3bedc-821d-1558-0271-a3dec70a1f0d">
      <Execution id="a69dcf4c-6c0c-4689-885d-b5be1b838c84" />
      <TestMethod codeBase="C:/Users/mbarton/Documents/GitHub/JellyDb/JellyDb.Core.Test/bin/Debug/JellyDb.Core.Test.DLL" adapterTypeName="Microsoft.VisualStudio.TestTools.TestTypes.Unit.UnitTestAdapter, Microsoft.VisualStudio.QualityTools.Tips.UnitTest.Adapter, Version=10.0.0.0, Culture=neutral, PublicKeyToken=b03f5f7f11d50a3a" className="JellyDb.Core.Test.Integration.VirtualAddressSpace.FileDataPersistenceTest, JellyDb.Core.Test, Version=1.0.0.0, Culture=neutral, PublicKeyToken=null" name="FileBasedPersistence_CreateFilePersistence" />
    </UnitTest>
    <UnitTest name="PageIndex_MoveSummaryFromEmptyToUsed" storage="c:\users\mbarton\documents\github\jellydb\jellydb.core.test\bin\debug\jellydb.core.test.dll" id="3c744e02-8147-7f5a-87e3-f0565e59aec2">
      <Execution id="6d309b88-a115-4a9e-bb37-7c9f59c02a51" />
      <TestMethod codeBase="C:/Users/mbarton/Documents/GitHub/JellyDb/JellyDb.Core.Test/bin/Debug/JellyDb.Core.Test.DLL" adapterTypeName="Microsoft.VisualStudio.TestTools.TestTypes.Unit.UnitTestAdapter, Microsoft.VisualStudio.QualityTools.Tips.UnitTest.Adapter, Version=10.0.0.0, Culture=neutral, PublicKeyToken=b03f5f7f11d50a3a" className="JellyDb.Core.Test.Unit.VirtualAddressSpace.PageIndexTest, JellyDb.Core.Test, Version=1.0.0.0, Culture=neutral, PublicKeyToken=null" name="PageIndex_MoveSummaryFromEmptyToUsed" />
    </UnitTest>
    <UnitTest name="CreateEmptyIndex" storage="c:\users\mbarton\documents\github\jellydb\jellydb.core.test\bin\debug\jellydb.core.test.dll" id="01595c7c-75a5-052a-4d0e-23e6d87a1bfa">
      <Execution id="9af85eb2-e051-40c8-ac34-0bf0cc26350d" />
      <TestMethod codeBase="C:/Users/mbarton/Documents/GitHub/JellyDb/JellyDb.Core.Test/bin/Debug/JellyDb.Core.Test.DLL" adapterTypeName="Microsoft.VisualStudio.TestTools.TestTypes.Unit.UnitTestAdapter, Microsoft.VisualStudio.QualityTools.Tips.UnitTest.Adapter, Version=10.0.0.0, Culture=neutral, PublicKeyToken=b03f5f7f11d50a3a" className="JellyDb.Core.Test.Integration.VirtualAddressSpace.PageIndexTest, JellyDb.Core.Test, Version=1.0.0.0, Culture=neutral, PublicKeyToken=null" name="CreateEmptyIndex" />
    </UnitTest>
    <UnitTest name="CreateBigFileTest" storage="c:\users\mbarton\documents\github\jellydb\jellydb.core.test\bin\debug\jellydb.core.test.dll" id="ee92963a-4cd7-3523-3ab9-557d4bd1d1ce">
      <Execution id="80ef0e79-5d34-41d6-8233-816e45d5d83a" />
      <TestMethod codeBase="C:/Users/mbarton/Documents/GitHub/JellyDb/JellyDb.Core.Test/bin/Debug/JellyDb.Core.Test.DLL" adapterTypeName="Microsoft.VisualStudio.TestTools.TestTypes.Unit.UnitTestAdapter, Microsoft.VisualStudio.QualityTools.Tips.UnitTest.Adapter, Version=10.0.0.0, Culture=neutral, PublicKeyToken=b03f5f7f11d50a3a" className="JellyDb.Core.Test.Integration.VirtualAddressSpace.FileDataPersistenceTest, JellyDb.Core.Test, Version=1.0.0.0, Culture=neutral, PublicKeyToken=null" name="CreateBigFileTest" />
    </UnitTest>
    <UnitTest name="FileBasedPersistence_SaveAndGetScatteredData" storage="c:\users\mbarton\documents\github\jellydb\jellydb.core.test\bin\debug\jellydb.core.test.dll" id="d2193536-44cc-38b0-7251-1737ab4f1354">
      <Execution id="bfcd8399-f18a-4548-8f53-ffe6ba0f8b0b" />
      <TestMethod codeBase="C:/Users/mbarton/Documents/GitHub/JellyDb/JellyDb.Core.Test/bin/Debug/JellyDb.Core.Test.DLL" adapterTypeName="Microsoft.VisualStudio.TestTools.TestTypes.Unit.UnitTestAdapter, Microsoft.VisualStudio.QualityTools.Tips.UnitTest.Adapter, Version=10.0.0.0, Culture=neutral, PublicKeyToken=b03f5f7f11d50a3a" className="JellyDb.Core.Test.Integration.VirtualAddressSpace.FileDataPersistenceTest, JellyDb.Core.Test, Version=1.0.0.0, Culture=neutral, PublicKeyToken=null" name="FileBasedPersistence_SaveAndGetScatteredData" />
    </UnitTest>
    <UnitTest name="PageSummary_SerializeAndDeSerialize" storage="c:\users\mbarton\documents\github\jellydb\jellydb.core.test\bin\debug\jellydb.core.test.dll" id="35451742-b1fb-ec1a-a211-144de06fa020">
      <Execution id="79f504ea-4807-497e-969b-4399a3ddc495" />
      <TestMethod codeBase="C:/Users/mbarton/Documents/GitHub/JellyDb/JellyDb.Core.Test/bin/Debug/JellyDb.Core.Test.DLL" adapterTypeName="Microsoft.VisualStudio.TestTools.TestTypes.Unit.UnitTestAdapter, Microsoft.VisualStudio.QualityTools.Tips.UnitTest.Adapter, Version=10.0.0.0, Culture=neutral, PublicKeyToken=b03f5f7f11d50a3a" className="JellyDb.Core.Test.Unit.VirtualAddressSpace.PageSummaryTest, JellyDb.Core.Test, Version=1.0.0.0, Culture=neutral, PublicKeyToken=null" name="PageSummary_SerializeAndDeSerialize" />
    </UnitTest>
    <UnitTest name="PageIndex_AddEntryToPageIndexWithEntries" storage="c:\users\mbarton\documents\github\jellydb\jellydb.core.test\bin\debug\jellydb.core.test.dll" id="7a90f03c-c1a0-927e-f7dd-aeac43b79b55">
      <Execution id="598a50c4-f186-4848-815c-3d84d5f70c18" />
      <TestMethod codeBase="C:/Users/mbarton/Documents/GitHub/JellyDb/JellyDb.Core.Test/bin/Debug/JellyDb.Core.Test.DLL" adapterTypeName="Microsoft.VisualStudio.TestTools.TestTypes.Unit.UnitTestAdapter, Microsoft.VisualStudio.QualityTools.Tips.UnitTest.Adapter, Version=10.0.0.0, Culture=neutral, PublicKeyToken=b03f5f7f11d50a3a" className="JellyDb.Core.Test.Unit.VirtualAddressSpace.PageIndexTest, JellyDb.Core.Test, Version=1.0.0.0, Culture=neutral, PublicKeyToken=null" name="PageIndex_AddEntryToPageIndexWithEntries" />
    </UnitTest>
    <UnitTest name="ProcessByteArrayTerms" storage="c:\users\mbarton\documents\github\jellydb\jellydb.core.test\bin\debug\jellydb.core.test.dll" id="640d9ee9-f020-cbb9-45e1-4dea8c7d9364">
      <Execution id="b33e1e41-bb61-45d8-99ac-057b9efb398b" />
      <TestMethod codeBase="C:/Users/mbarton/Documents/GitHub/JellyDb/JellyDb.Core.Test/bin/Debug/JellyDb.Core.Test.DLL" adapterTypeName="Microsoft.VisualStudio.TestTools.TestTypes.Unit.UnitTestAdapter, Microsoft.VisualStudio.QualityTools.Tips.UnitTest.Adapter, Version=10.0.0.0, Culture=neutral, PublicKeyToken=b03f5f7f11d50a3a" className="JellyDb.Core.Test.Unit.Sql.Dml.AdditionOperatorTest, JellyDb.Core.Test, Version=1.0.0.0, Culture=neutral, PublicKeyToken=null" name="ProcessByteArrayTerms" />
    </UnitTest>
    <UnitTest name="ProcessBooleanTerms" storage="c:\users\mbarton\documents\github\jellydb\jellydb.core.test\bin\debug\jellydb.core.test.dll" id="0c598143-e006-db6b-38cf-c51b5392b9fa">
      <Execution id="625bd377-4d10-4d78-b8f1-e8d68c5e5158" />
      <TestMethod codeBase="C:/Users/mbarton/Documents/GitHub/JellyDb/JellyDb.Core.Test/bin/Debug/JellyDb.Core.Test.DLL" adapterTypeName="Microsoft.VisualStudio.TestTools.TestTypes.Unit.UnitTestAdapter, Microsoft.VisualStudio.QualityTools.Tips.UnitTest.Adapter, Version=10.0.0.0, Culture=neutral, PublicKeyToken=b03f5f7f11d50a3a" className="JellyDb.Core.Test.Unit.Sql.Dml.AdditionOperatorTest, JellyDb.Core.Test, Version=1.0.0.0, Culture=neutral, PublicKeyToken=null" name="ProcessBooleanTerms" />
    </UnitTest>
    <UnitTest name="ProcessIntTerms" storage="c:\users\mbarton\documents\github\jellydb\jellydb.core.test\bin\debug\jellydb.core.test.dll" id="f7af0e09-08ea-8712-e7ed-bfedb0494f3e">
      <Execution id="7c598344-363d-445d-9267-1038e6f051c7" />
      <TestMethod codeBase="C:/Users/mbarton/Documents/GitHub/JellyDb/JellyDb.Core.Test/bin/Debug/JellyDb.Core.Test.DLL" adapterTypeName="Microsoft.VisualStudio.TestTools.TestTypes.Unit.UnitTestAdapter, Microsoft.VisualStudio.QualityTools.Tips.UnitTest.Adapter, Version=10.0.0.0, Culture=neutral, PublicKeyToken=b03f5f7f11d50a3a" className="JellyDb.Core.Test.Unit.Sql.Dml.AdditionOperatorTest, JellyDb.Core.Test, Version=1.0.0.0, Culture=neutral, PublicKeyToken=null" name="ProcessIntTerms" />
    </UnitTest>
    <UnitTest name="ProcessExpressionTerms" storage="c:\users\mbarton\documents\github\jellydb\jellydb.core.test\bin\debug\jellydb.core.test.dll" id="f9c51e64-83e0-b398-e779-03b28caebb05">
      <Execution id="664a9bf3-f87a-41a4-80b6-2b8705d75b15" />
      <TestMethod codeBase="C:/Users/mbarton/Documents/GitHub/JellyDb/JellyDb.Core.Test/bin/Debug/JellyDb.Core.Test.DLL" adapterTypeName="Microsoft.VisualStudio.TestTools.TestTypes.Unit.UnitTestAdapter, Microsoft.VisualStudio.QualityTools.Tips.UnitTest.Adapter, Version=10.0.0.0, Culture=neutral, PublicKeyToken=b03f5f7f11d50a3a" className="JellyDb.Core.Test.Unit.Sql.Dml.AdditionOperatorTest, JellyDb.Core.Test, Version=1.0.0.0, Culture=neutral, PublicKeyToken=null" name="ProcessExpressionTerms" />
    </UnitTest>
    <UnitTest name="PageIndex_CreatePageIndexWithEntries" storage="c:\users\mbarton\documents\github\jellydb\jellydb.core.test\bin\debug\jellydb.core.test.dll" id="34ecb0a8-d6f3-6f77-1e58-a59b990634a9">
      <Execution id="b7d68d21-6d9b-4768-afa7-34f889db1159" />
      <TestMethod codeBase="C:/Users/mbarton/Documents/GitHub/JellyDb/JellyDb.Core.Test/bin/Debug/JellyDb.Core.Test.DLL" adapterTypeName="Microsoft.VisualStudio.TestTools.TestTypes.Unit.UnitTestAdapter, Microsoft.VisualStudio.QualityTools.Tips.UnitTest.Adapter, Version=10.0.0.0, Culture=neutral, PublicKeyToken=b03f5f7f11d50a3a" className="JellyDb.Core.Test.Unit.VirtualAddressSpace.PageIndexTest, JellyDb.Core.Test, Version=1.0.0.0, Culture=neutral, PublicKeyToken=null" name="PageIndex_CreatePageIndexWithEntries" />
    </UnitTest>
    <UnitTest name="PageIndex_OpenExistingPageIndex" storage="c:\users\mbarton\documents\github\jellydb\jellydb.core.test\bin\debug\jellydb.core.test.dll" id="cbab38c6-01a0-ddde-0546-3370bcfdf018">
      <Execution id="0446cb3c-7852-445a-849e-32892c6d6435" />
      <TestMethod codeBase="C:/Users/mbarton/Documents/GitHub/JellyDb/JellyDb.Core.Test/bin/Debug/JellyDb.Core.Test.DLL" adapterTypeName="Microsoft.VisualStudio.TestTools.TestTypes.Unit.UnitTestAdapter, Microsoft.VisualStudio.QualityTools.Tips.UnitTest.Adapter, Version=10.0.0.0, Culture=neutral, PublicKeyToken=b03f5f7f11d50a3a" className="JellyDb.Core.Test.Unit.VirtualAddressSpace.PageIndexTest, JellyDb.Core.Test, Version=1.0.0.0, Culture=neutral, PublicKeyToken=null" name="PageIndex_OpenExistingPageIndex" />
    </UnitTest>
    <UnitTest name="PageSummary_CreateFromStreamEmpty" storage="c:\users\mbarton\documents\github\jellydb\jellydb.core.test\bin\debug\jellydb.core.test.dll" id="1a1897f1-7579-fa07-070c-f1473719c380">
      <Execution id="6f19dc9f-812f-4827-b1f6-94858a80720e" />
      <TestMethod codeBase="C:/Users/mbarton/Documents/GitHub/JellyDb/JellyDb.Core.Test/bin/Debug/JellyDb.Core.Test.DLL" adapterTypeName="Microsoft.VisualStudio.TestTools.TestTypes.Unit.UnitTestAdapter, Microsoft.VisualStudio.QualityTools.Tips.UnitTest.Adapter, Version=10.0.0.0, Culture=neutral, PublicKeyToken=b03f5f7f11d50a3a" className="JellyDb.Core.Test.Unit.VirtualAddressSpace.PageSummaryTest, JellyDb.Core.Test, Version=1.0.0.0, Culture=neutral, PublicKeyToken=null" name="PageSummary_CreateFromStreamEmpty" />
    </UnitTest>
    <UnitTest name="PageIndex_CreateEmptyPageIndex" storage="c:\users\mbarton\documents\github\jellydb\jellydb.core.test\bin\debug\jellydb.core.test.dll" id="d8377df2-86d0-62cb-8f69-1e895b7b9796">
      <Execution id="162e3757-fefe-42ed-9ed6-1b29ad76c9c7" />
      <TestMethod codeBase="C:/Users/mbarton/Documents/GitHub/JellyDb/JellyDb.Core.Test/bin/Debug/JellyDb.Core.Test.DLL" adapterTypeName="Microsoft.VisualStudio.TestTools.TestTypes.Unit.UnitTestAdapter, Microsoft.VisualStudio.QualityTools.Tips.UnitTest.Adapter, Version=10.0.0.0, Culture=neutral, PublicKeyToken=b03f5f7f11d50a3a" className="JellyDb.Core.Test.Unit.VirtualAddressSpace.PageIndexTest, JellyDb.Core.Test, Version=1.0.0.0, Culture=neutral, PublicKeyToken=null" name="PageIndex_CreateEmptyPageIndex" />
    </UnitTest>
    <UnitTest name="GetConfigurationSection" storage="c:\users\mbarton\documents\github\jellydb\jellydb.core.test\bin\debug\jellydb.core.test.dll" id="9cd3538a-4572-d308-9748-29bc128cdf2e">
      <Execution id="e70c709d-818b-452d-92ab-886282a6e072" />
      <TestMethod codeBase="C:/Users/mbarton/Documents/GitHub/JellyDb/JellyDb.Core.Test/bin/Debug/JellyDb.Core.Test.DLL" adapterTypeName="Microsoft.VisualStudio.TestTools.TestTypes.Unit.UnitTestAdapter, Microsoft.VisualStudio.QualityTools.Tips.UnitTest.Adapter, Version=10.0.0.0, Culture=neutral, PublicKeyToken=b03f5f7f11d50a3a" className="JellyDb.Core.Test.Unit.Configuration.VirtualFileSystemConfigurationTest, JellyDb.Core.Test, Version=1.0.0.0, Culture=neutral, PublicKeyToken=null" name="GetConfigurationSection" />
    </UnitTest>
    <UnitTest name="ProcessStringTerms" storage="c:\users\mbarton\documents\github\jellydb\jellydb.core.test\bin\debug\jellydb.core.test.dll" id="1f8a623e-f067-5fab-8c99-9724c85d4a4b">
      <Execution id="885e45f6-71c5-4511-b79a-9f21dcd86cd8" />
      <TestMethod codeBase="C:/Users/mbarton/Documents/GitHub/JellyDb/JellyDb.Core.Test/bin/Debug/JellyDb.Core.Test.DLL" adapterTypeName="Microsoft.VisualStudio.TestTools.TestTypes.Unit.UnitTestAdapter, Microsoft.VisualStudio.QualityTools.Tips.UnitTest.Adapter, Version=10.0.0.0, Culture=neutral, PublicKeyToken=b03f5f7f11d50a3a" className="JellyDb.Core.Test.Unit.Sql.Dml.AdditionOperatorTest, JellyDb.Core.Test, Version=1.0.0.0, Culture=neutral, PublicKeyToken=null" name="ProcessStringTerms" />
    </UnitTest>
  </TestDefinitions>
  <TestLists>
    <TestList name="Results Not in a List" id="8c84fa94-04c1-424b-9868-57a2d4851a1d" />
    <TestList name="All Loaded Results" id="19431567-8539-422a-85d7-44ee4e166bda" />
  </TestLists>
  <TestEntries>
    <TestEntry testId="01595c7c-75a5-052a-4d0e-23e6d87a1bfa" executionId="9af85eb2-e051-40c8-ac34-0bf0cc26350d" testListId="8c84fa94-04c1-424b-9868-57a2d4851a1d" />
    <TestEntry testId="0c598143-e006-db6b-38cf-c51b5392b9fa" executionId="625bd377-4d10-4d78-b8f1-e8d68c5e5158" testListId="8c84fa94-04c1-424b-9868-57a2d4851a1d" />
    <TestEntry testId="0ed84d92-76a5-8a83-5653-5189bcef2f9d" executionId="ada53162-6a61-48ea-81af-6169f9f3fafa" testListId="8c84fa94-04c1-424b-9868-57a2d4851a1d" />
    <TestEntry testId="1a1897f1-7579-fa07-070c-f1473719c380" executionId="6f19dc9f-812f-4827-b1f6-94858a80720e" testListId="8c84fa94-04c1-424b-9868-57a2d4851a1d" />
    <TestEntry testId="1f8a623e-f067-5fab-8c99-9724c85d4a4b" executionId="885e45f6-71c5-4511-b79a-9f21dcd86cd8" testListId="8c84fa94-04c1-424b-9868-57a2d4851a1d" />
    <TestEntry testId="34ecb0a8-d6f3-6f77-1e58-a59b990634a9" executionId="b7d68d21-6d9b-4768-afa7-34f889db1159" testListId="8c84fa94-04c1-424b-9868-57a2d4851a1d" />
    <TestEntry testId="35451742-b1fb-ec1a-a211-144de06fa020" executionId="79f504ea-4807-497e-969b-4399a3ddc495" testListId="8c84fa94-04c1-424b-9868-57a2d4851a1d" />
    <TestEntry testId="36d3bedc-821d-1558-0271-a3dec70a1f0d" executionId="a69dcf4c-6c0c-4689-885d-b5be1b838c84" testListId="8c84fa94-04c1-424b-9868-57a2d4851a1d" />
    <TestEntry testId="3c744e02-8147-7f5a-87e3-f0565e59aec2" executionId="6d309b88-a115-4a9e-bb37-7c9f59c02a51" testListId="8c84fa94-04c1-424b-9868-57a2d4851a1d" />
    <TestEntry testId="4af02169-5d25-369f-90b8-cb639bd2ea5c" executionId="65d9c096-5fff-4014-a45b-a6b3f01fe747" testListId="8c84fa94-04c1-424b-9868-57a2d4851a1d" />
    <TestEntry testId="4e525e81-d5fe-4a91-345c-03adffe73ad6" executionId="7976c92b-3402-411e-9a9d-a30924f49d17" testListId="8c84fa94-04c1-424b-9868-57a2d4851a1d" />
    <TestEntry testId="640d9ee9-f020-cbb9-45e1-4dea8c7d9364" executionId="b33e1e41-bb61-45d8-99ac-057b9efb398b" testListId="8c84fa94-04c1-424b-9868-57a2d4851a1d" />
    <TestEntry testId="7a90f03c-c1a0-927e-f7dd-aeac43b79b55" executionId="598a50c4-f186-4848-815c-3d84d5f70c18" testListId="8c84fa94-04c1-424b-9868-57a2d4851a1d" />
    <TestEntry testId="80fe3e76-d3e7-e13f-b6a0-53b8a32c2690" executionId="62ed3b14-90d1-4b0c-9c91-c7b5b8556ea1" testListId="8c84fa94-04c1-424b-9868-57a2d4851a1d" />
    <TestEntry testId="9c2badf9-9fee-734f-77b3-61a9b619bf09" executionId="49050ea6-85b8-430b-a7e6-e52d4e5ebc66" testListId="8c84fa94-04c1-424b-9868-57a2d4851a1d" />
    <TestEntry testId="9cd3538a-4572-d308-9748-29bc128cdf2e" executionId="e70c709d-818b-452d-92ab-886282a6e072" testListId="8c84fa94-04c1-424b-9868-57a2d4851a1d" />
    <TestEntry testId="c4d13e3d-7b47-24ee-bcea-9d99206145a6" executionId="b4f396ca-3b74-462f-9a84-7ee79ffa3c4b" testListId="8c84fa94-04c1-424b-9868-57a2d4851a1d" />
    <TestEntry testId="c6f322d7-1ac1-424c-933e-628dda640841" executionId="ea448a92-10e2-46cd-835f-0abd1e16b969" testListId="8c84fa94-04c1-424b-9868-57a2d4851a1d" />
    <TestEntry testId="cbab38c6-01a0-ddde-0546-3370bcfdf018" executionId="0446cb3c-7852-445a-849e-32892c6d6435" testListId="8c84fa94-04c1-424b-9868-57a2d4851a1d" />
    <TestEntry testId="ce8670ce-0545-ed2a-9157-63e5ede7959b" executionId="ff1d59d7-64eb-46e9-99c2-44afc1d884c2" testListId="8c84fa94-04c1-424b-9868-57a2d4851a1d" />
    <TestEntry testId="d2193536-44cc-38b0-7251-1737ab4f1354" executionId="bfcd8399-f18a-4548-8f53-ffe6ba0f8b0b" testListId="8c84fa94-04c1-424b-9868-57a2d4851a1d" />
    <TestEntry testId="d8377df2-86d0-62cb-8f69-1e895b7b9796" executionId="162e3757-fefe-42ed-9ed6-1b29ad76c9c7" testListId="8c84fa94-04c1-424b-9868-57a2d4851a1d" />
    <TestEntry testId="e31b973c-26ff-3e19-c529-ed18b8a8dc70" executionId="cc0f6cf4-7ed0-4dbd-b582-bbe50f52a0dd" testListId="8c84fa94-04c1-424b-9868-57a2d4851a1d" />
    <TestEntry testId="ee92963a-4cd7-3523-3ab9-557d4bd1d1ce" executionId="80ef0e79-5d34-41d6-8233-816e45d5d83a" testListId="8c84fa94-04c1-424b-9868-57a2d4851a1d" />
    <TestEntry testId="f7af0e09-08ea-8712-e7ed-bfedb0494f3e" executionId="7c598344-363d-445d-9267-1038e6f051c7" testListId="8c84fa94-04c1-424b-9868-57a2d4851a1d" />
    <TestEntry testId="f7f12146-ccb1-1bbb-f0fe-3f5edcc40872" executionId="f1c3e45f-65d4-4df4-b2d8-3be2c11e1b93" testListId="8c84fa94-04c1-424b-9868-57a2d4851a1d" />
    <TestEntry testId="f9c51e64-83e0-b398-e779-03b28caebb05" executionId="664a9bf3-f87a-41a4-80b6-2b8705d75b15" testListId="8c84fa94-04c1-424b-9868-57a2d4851a1d" />
  </TestEntries>
  <Results>
    <UnitTestResult executionId="9af85eb2-e051-40c8-ac34-0bf0cc26350d" testId="01595c7c-75a5-052a-4d0e-23e6d87a1bfa" testName="CreateEmptyIndex" computerName="W01319" duration="00:00:00.0108775" startTime="2013-09-11T14:16:45.6227241+10:00" endTime="2013-09-11T14:16:45.8247356+10:00" testType="13cdc9d9-ddb5-4fa4-a97d-d965ccfc6d4b" outcome="Passed" testListId="8c84fa94-04c1-424b-9868-57a2d4851a1d" relativeResultsDirectory="9af85eb2-e051-40c8-ac34-0bf0cc26350d">
    </UnitTestResult>
    <UnitTestResult executionId="625bd377-4d10-4d78-b8f1-e8d68c5e5158" testId="0c598143-e006-db6b-38cf-c51b5392b9fa" testName="ProcessBooleanTerms" computerName="W01319" duration="00:00:00.0003560" startTime="2013-09-11T14:16:45.8257357+10:00" endTime="2013-09-11T14:16:45.8277358+10:00" testType="13cdc9d9-ddb5-4fa4-a97d-d965ccfc6d4b" outcome="Passed" testListId="8c84fa94-04c1-424b-9868-57a2d4851a1d" relativeResultsDirectory="625bd377-4d10-4d78-b8f1-e8d68c5e5158">
    </UnitTestResult>
    <UnitTestResult executionId="ada53162-6a61-48ea-81af-6169f9f3fafa" testId="0ed84d92-76a5-8a83-5653-5189bcef2f9d" testName="ProcessColumnNameTerms" computerName="W01319" duration="00:00:00.0029554" startTime="2013-09-11T14:16:45.8287358+10:00" endTime="2013-09-11T14:16:45.8337361+10:00" testType="13cdc9d9-ddb5-4fa4-a97d-d965ccfc6d4b" outcome="Passed" testListId="8c84fa94-04c1-424b-9868-57a2d4851a1d" relativeResultsDirectory="ada53162-6a61-48ea-81af-6169f9f3fafa">
    </UnitTestResult>
    <UnitTestResult executionId="6f19dc9f-812f-4827-b1f6-94858a80720e" testId="1a1897f1-7579-fa07-070c-f1473719c380" testName="PageSummary_CreateFromStreamEmpty" computerName="W01319" duration="00:00:00.0013293" startTime="2013-09-11T14:16:45.8347362+10:00" endTime="2013-09-11T14:16:45.8377364+10:00" testType="13cdc9d9-ddb5-4fa4-a97d-d965ccfc6d4b" outcome="Passed" testListId="8c84fa94-04c1-424b-9868-57a2d4851a1d" relativeResultsDirectory="6f19dc9f-812f-4827-b1f6-94858a80720e">
    </UnitTestResult>
    <UnitTestResult executionId="885e45f6-71c5-4511-b79a-9f21dcd86cd8" testId="1f8a623e-f067-5fab-8c99-9724c85d4a4b" testName="ProcessStringTerms" computerName="W01319" duration="00:00:00.0000689" startTime="2013-09-11T14:16:45.8387364+10:00" endTime="2013-09-11T14:16:45.8397365+10:00" testType="13cdc9d9-ddb5-4fa4-a97d-d965ccfc6d4b" outcome="Passed" testListId="8c84fa94-04c1-424b-9868-57a2d4851a1d" relativeResultsDirectory="885e45f6-71c5-4511-b79a-9f21dcd86cd8">
    </UnitTestResult>
    <UnitTestResult executionId="b7d68d21-6d9b-4768-afa7-34f889db1159" testId="34ecb0a8-d6f3-6f77-1e58-a59b990634a9" testName="PageIndex_CreatePageIndexWithEntries" computerName="W01319" duration="00:00:00.0024562" startTime="2013-09-11T14:16:45.8407365+10:00" endTime="2013-09-11T14:16:45.8447368+10:00" testType="13cdc9d9-ddb5-4fa4-a97d-d965ccfc6d4b" outcome="Passed" testListId="8c84fa94-04c1-424b-9868-57a2d4851a1d" relativeResultsDirectory="b7d68d21-6d9b-4768-afa7-34f889db1159">
    </UnitTestResult>
    <UnitTestResult executionId="79f504ea-4807-497e-969b-4399a3ddc495" testId="35451742-b1fb-ec1a-a211-144de06fa020" testName="PageSummary_SerializeAndDeSerialize" computerName="W01319" duration="00:00:00.0003618" startTime="2013-09-11T14:16:45.8457368+10:00" endTime="2013-09-11T14:16:45.8477369+10:00" testType="13cdc9d9-ddb5-4fa4-a97d-d965ccfc6d4b" outcome="Passed" testListId="8c84fa94-04c1-424b-9868-57a2d4851a1d" relativeResultsDirectory="79f504ea-4807-497e-969b-4399a3ddc495">
    </UnitTestResult>
    <UnitTestResult executionId="a69dcf4c-6c0c-4689-885d-b5be1b838c84" testId="36d3bedc-821d-1558-0271-a3dec70a1f0d" testName="FileBasedPersistence_CreateFilePersistence" computerName="W01319" duration="00:00:00.0081877" startTime="2013-09-11T14:16:45.8477369+10:00" endTime="2013-09-11T14:16:45.8577375+10:00" testType="13cdc9d9-ddb5-4fa4-a97d-d965ccfc6d4b" outcome="Passed" testListId="8c84fa94-04c1-424b-9868-57a2d4851a1d" relativeResultsDirectory="a69dcf4c-6c0c-4689-885d-b5be1b838c84">
    </UnitTestResult>
    <UnitTestResult executionId="6d309b88-a115-4a9e-bb37-7c9f59c02a51" testId="3c744e02-8147-7f5a-87e3-f0565e59aec2" testName="PageIndex_MoveSummaryFromEmptyToUsed" computerName="W01319" duration="00:00:00.0007336" startTime="2013-09-11T14:16:45.8587376+10:00" endTime="2013-09-11T14:16:45.8607377+10:00" testType="13cdc9d9-ddb5-4fa4-a97d-d965ccfc6d4b" outcome="Passed" testListId="8c84fa94-04c1-424b-9868-57a2d4851a1d" relativeResultsDirectory="6d309b88-a115-4a9e-bb37-7c9f59c02a51">
    </UnitTestResult>
    <UnitTestResult executionId="65d9c096-5fff-4014-a45b-a6b3f01fe747" testId="4af02169-5d25-369f-90b8-cb639bd2ea5c" testName="ProcessNullTerms" computerName="W01319" duration="00:00:00.0000699" startTime="2013-09-11T14:16:45.8617377+10:00" endTime="2013-09-11T14:16:45.8637378+10:00" testType="13cdc9d9-ddb5-4fa4-a97d-d965ccfc6d4b" outcome="Passed" testListId="8c84fa94-04c1-424b-9868-57a2d4851a1d" relativeResultsDirectory="65d9c096-5fff-4014-a45b-a6b3f01fe747">
    </UnitTestResult>
    <UnitTestResult executionId="7976c92b-3402-411e-9a9d-a30924f49d17" testId="4e525e81-d5fe-4a91-345c-03adffe73ad6" testName="FileBasedPersistence_SaveAndGetContiguousData" computerName="W01319" duration="00:00:00.0150933" startTime="2013-09-11T14:16:45.8647379+10:00" endTime="2013-09-11T14:16:45.8807388+10:00" testType="13cdc9d9-ddb5-4fa4-a97d-d965ccfc6d4b" outcome="Passed" testListId="8c84fa94-04c1-424b-9868-57a2d4851a1d" relativeResultsDirectory="7976c92b-3402-411e-9a9d-a30924f49d17">
    </UnitTestResult>
    <UnitTestResult executionId="b33e1e41-bb61-45d8-99ac-057b9efb398b" testId="640d9ee9-f020-cbb9-45e1-4dea8c7d9364" testName="ProcessByteArrayTerms" computerName="W01319" duration="00:00:00.0000946" startTime="2013-09-11T14:16:45.8817389+10:00" endTime="2013-09-11T14:16:45.8837390+10:00" testType="13cdc9d9-ddb5-4fa4-a97d-d965ccfc6d4b" outcome="Passed" testListId="8c84fa94-04c1-424b-9868-57a2d4851a1d" relativeResultsDirectory="b33e1e41-bb61-45d8-99ac-057b9efb398b">
    </UnitTestResult>
    <UnitTestResult executionId="598a50c4-f186-4848-815c-3d84d5f70c18" testId="7a90f03c-c1a0-927e-f7dd-aeac43b79b55" testName="PageIndex_AddEntryToPageIndexWithEntries" computerName="W01319" duration="00:00:00.0005764" startTime="2013-09-11T14:16:45.8847390+10:00" endTime="2013-09-11T14:16:45.8867392+10:00" testType="13cdc9d9-ddb5-4fa4-a97d-d965ccfc6d4b" outcome="Passed" testListId="8c84fa94-04c1-424b-9868-57a2d4851a1d" relativeResultsDirectory="598a50c4-f186-4848-815c-3d84d5f70c18">
    </UnitTestResult>
    <UnitTestResult executionId="62ed3b14-90d1-4b0c-9c91-c7b5b8556ea1" testId="80fe3e76-d3e7-e13f-b6a0-53b8a32c2690" testName="PageIndex_UpdateEntryInPageIndex" computerName="W01319" duration="00:00:00.0012889" startTime="2013-09-11T14:16:45.8877392+10:00" endTime="2013-09-11T14:16:45.8907394+10:00" testType="13cdc9d9-ddb5-4fa4-a97d-d965ccfc6d4b" outcome="Passed" testListId="8c84fa94-04c1-424b-9868-57a2d4851a1d" relativeResultsDirectory="62ed3b14-90d1-4b0c-9c91-c7b5b8556ea1">
    </UnitTestResult>
    <UnitTestResult executionId="49050ea6-85b8-430b-a7e6-e52d4e5ebc66" testId="9c2badf9-9fee-734f-77b3-61a9b619bf09" testName="ProcessDateTimeTerms" computerName="W01319" duration="00:00:00.0000731" startTime="2013-09-11T14:16:45.8907394+10:00" endTime="2013-09-11T14:16:45.8927395+10:00" testType="13cdc9d9-ddb5-4fa4-a97d-d965ccfc6d4b" outcome="Passed" testListId="8c84fa94-04c1-424b-9868-57a2d4851a1d" relativeResultsDirectory="49050ea6-85b8-430b-a7e6-e52d4e5ebc66">
    </UnitTestResult>
    <UnitTestResult executionId="e70c709d-818b-452d-92ab-886282a6e072" testId="9cd3538a-4572-d308-9748-29bc128cdf2e" testName="GetConfigurationSection" computerName="W01319" duration="00:00:00.0002652" startTime="2013-09-11T14:16:45.8937396+10:00" endTime="2013-09-11T14:16:45.8957397+10:00" testType="13cdc9d9-ddb5-4fa4-a97d-d965ccfc6d4b" outcome="Passed" testListId="8c84fa94-04c1-424b-9868-57a2d4851a1d" relativeResultsDirectory="e70c709d-818b-452d-92ab-886282a6e072">
    </UnitTestResult>
    <UnitTestResult executionId="b4f396ca-3b74-462f-9a84-7ee79ffa3c4b" testId="c4d13e3d-7b47-24ee-bcea-9d99206145a6" testName="PageIndex_MoveSummaryFromEmptyToNew" computerName="W01319" duration="00:00:00.0005440" startTime="2013-09-11T14:16:45.8967397+10:00" endTime="2013-09-11T14:16:45.8987398+10:00" testType="13cdc9d9-ddb5-4fa4-a97d-d965ccfc6d4b" outcome="Passed" testListId="8c84fa94-04c1-424b-9868-57a2d4851a1d" relativeResultsDirectory="b4f396ca-3b74-462f-9a84-7ee79ffa3c4b">
    </UnitTestResult>
    <UnitTestResult executionId="ea448a92-10e2-46cd-835f-0abd1e16b969" testId="c6f322d7-1ac1-424c-933e-628dda640841" testName="PageIndex_AddEntryToEmptyPageIndex" computerName="W01319" duration="00:00:00.0005751" startTime="2013-09-11T14:16:45.8997399+10:00" endTime="2013-09-11T14:16:45.9017400+10:00" testType="13cdc9d9-ddb5-4fa4-a97d-d965ccfc6d4b" outcome="Passed" testListId="8c84fa94-04c1-424b-9868-57a2d4851a1d" relativeResultsDirectory="ea448a92-10e2-46cd-835f-0abd1e16b969">
    </UnitTestResult>
    <UnitTestResult executionId="0446cb3c-7852-445a-849e-32892c6d6435" testId="cbab38c6-01a0-ddde-0546-3370bcfdf018" testName="PageIndex_OpenExistingPageIndex" computerName="W01319" duration="00:00:00.0016145" startTime="2013-09-11T14:16:45.9027401+10:00" endTime="2013-09-11T14:16:45.9057402+10:00" testType="13cdc9d9-ddb5-4fa4-a97d-d965ccfc6d4b" outcome="Passed" testListId="8c84fa94-04c1-424b-9868-57a2d4851a1d" relativeResultsDirectory="0446cb3c-7852-445a-849e-32892c6d6435">
    </UnitTestResult>
    <UnitTestResult executionId="ff1d59d7-64eb-46e9-99c2-44afc1d884c2" testId="ce8670ce-0545-ed2a-9157-63e5ede7959b" testName="FileBasedPersitence_SaveMultipleAddressSpacesWithOneFullOfdata" computerName="W01319" duration="00:00:00.0091771" startTime="2013-09-11T14:16:45.9067403+10:00" endTime="2013-09-11T14:16:45.9177409+10:00" testType="13cdc9d9-ddb5-4fa4-a97d-d965ccfc6d4b" outcome="Passed" testListId="8c84fa94-04c1-424b-9868-57a2d4851a1d" relativeResultsDirectory="ff1d59d7-64eb-46e9-99c2-44afc1d884c2">
    </UnitTestResult>
    <UnitTestResult executionId="bfcd8399-f18a-4548-8f53-ffe6ba0f8b0b" testId="d2193536-44cc-38b0-7251-1737ab4f1354" testName="FileBasedPersistence_SaveAndGetScatteredData" computerName="W01319" duration="00:00:00.0086776" startTime="2013-09-11T14:16:45.9177409+10:00" endTime="2013-09-11T14:16:45.9287416+10:00" testType="13cdc9d9-ddb5-4fa4-a97d-d965ccfc6d4b" outcome="Passed" testListId="8c84fa94-04c1-424b-9868-57a2d4851a1d" relativeResultsDirectory="bfcd8399-f18a-4548-8f53-ffe6ba0f8b0b">
    </UnitTestResult>
    <UnitTestResult executionId="162e3757-fefe-42ed-9ed6-1b29ad76c9c7" testId="d8377df2-86d0-62cb-8f69-1e895b7b9796" testName="PageIndex_CreateEmptyPageIndex" computerName="W01319" duration="00:00:00.0001376" startTime="2013-09-11T14:16:45.9287416+10:00" endTime="2013-09-11T14:16:45.9307417+10:00" testType="13cdc9d9-ddb5-4fa4-a97d-d965ccfc6d4b" outcome="Passed" testListId="8c84fa94-04c1-424b-9868-57a2d4851a1d" relativeResultsDirectory="162e3757-fefe-42ed-9ed6-1b29ad76c9c7">
    </UnitTestResult>
    <UnitTestResult executionId="cc0f6cf4-7ed0-4dbd-b582-bbe50f52a0dd" testId="e31b973c-26ff-3e19-c529-ed18b8a8dc70" testName="ProcessValueTerms" computerName="W01319" duration="00:00:00.0000705" startTime="2013-09-11T14:16:45.9317417+10:00" endTime="2013-09-11T14:16:45.9337419+10:00" testType="13cdc9d9-ddb5-4fa4-a97d-d965ccfc6d4b" outcome="Passed" testListId="8c84fa94-04c1-424b-9868-57a2d4851a1d" relativeResultsDirectory="cc0f6cf4-7ed0-4dbd-b582-bbe50f52a0dd">
    </UnitTestResult>
    <UnitTestResult executionId="80ef0e79-5d34-41d6-8233-816e45d5d83a" testId="ee92963a-4cd7-3523-3ab9-557d4bd1d1ce" testName="CreateBigFileTest" computerName="W01319" duration="00:01:06.1797285" startTime="2013-09-11T14:16:45.9337419+10:00" endTime="2013-09-11T14:17:52.1165273+10:00" testType="13cdc9d9-ddb5-4fa4-a97d-d965ccfc6d4b" outcome="Failed" testListId="8c84fa94-04c1-424b-9868-57a2d4851a1d" relativeResultsDirectory="80ef0e79-5d34-41d6-8233-816e45d5d83a">
      <Output>
        <ErrorInfo>
          <Message>Test method JellyDb.Core.Test.Integration.VirtualAddressSpace.FileDataPersistenceTest.CreateBigFileTest threw exception: 
System.IO.IOException: The process cannot access the file 'c:\Temp\DbEngine.db' because it is being used by another process.</Message>
          <StackTrace>    at System.IO.__Error.WinIOError(Int32 errorCode, String maybeFullPath)
   at System.IO.FileStream.Init(String path, FileMode mode, FileAccess access, Int32 rights, Boolean useRights, FileShare share, Int32 bufferSize, FileOptions options, SECURITY_ATTRIBUTES secAttrs, String msgPath, Boolean bFromProxy, Boolean useLongPath)
   at System.IO.FileStream..ctor(String path, FileMode mode, FileSystemRights rights, FileShare share, Int32 bufferSize, FileOptions options)
   at System.IO.MemoryMappedFiles.MemoryMappedFile.CreateFromFile(String path, FileMode mode, String mapName, Int64 capacity, MemoryMappedFileAccess access)
   at System.IO.MemoryMappedFiles.MemoryMappedFile.CreateFromFile(String path, FileMode mode, String mapName, Int64 capacity)
   at JellyDb.Core.VirtualAddressSpace.FileDataPersistence.ExpandStorageFile() in C:\Users\mbarton\Documents\GitHub\JellyDb\JellyDb.Core\VirtualAddressSpace\FileDataPersistence.cs:line 76
   at JellyDb.Core.VirtualAddressSpace.FileDataPersistence.ExpandAddressSpace(Guid addressSpaceId) in C:\Users\mbarton\Documents\GitHub\JellyDb\JellyDb.Core\VirtualAddressSpace\FileDataPersistence.cs:line 47
   at JellyDb.Core.VirtualAddressSpace.FileDataPersistence.SetData(Guid addressSpaceId, Int64 offset, Int64 startIndex, Int64 numBytes, Byte[] dataBuffer) in C:\Users\mbarton\Documents\GitHub\JellyDb\JellyDb.Core\VirtualAddressSpace\FileDataPersistence.cs:line 144
   at JellyDb.Core.Test.Integration.VirtualAddressSpace.FileDataPersistenceTest.CreateBigFileTest() in C:\Users\mbarton\Documents\GitHub\JellyDb\JellyDb.Core.Test\Integration\VirtualAddressSpace\FileDataPersistenceTest.cs:line 125
</StackTrace>
        </ErrorInfo>
      </Output>
    </UnitTestResult>
    <UnitTestResult executionId="7c598344-363d-445d-9267-1038e6f051c7" testId="f7af0e09-08ea-8712-e7ed-bfedb0494f3e" testName="ProcessIntTerms" computerName="W01319" duration="00:00:00.0001065" startTime="2013-09-11T14:17:52.1175273+10:00" endTime="2013-09-11T14:17:52.1195275+10:00" testType="13cdc9d9-ddb5-4fa4-a97d-d965ccfc6d4b" outcome="Passed" testListId="8c84fa94-04c1-424b-9868-57a2d4851a1d" relativeResultsDirectory="7c598344-363d-445d-9267-1038e6f051c7">
    </UnitTestResult>
    <UnitTestResult executionId="f1c3e45f-65d4-4df4-b2d8-3be2c11e1b93" testId="f7f12146-ccb1-1bbb-f0fe-3f5edcc40872" testName="GetConfigurationSection" computerName="W01319" duration="00:00:00.0001664" startTime="2013-09-11T14:17:52.1305281+10:00" endTime="2013-09-11T14:17:52.1335283+10:00" testType="13cdc9d9-ddb5-4fa4-a97d-d965ccfc6d4b" outcome="Passed" testListId="8c84fa94-04c1-424b-9868-57a2d4851a1d" relativeResultsDirectory="f1c3e45f-65d4-4df4-b2d8-3be2c11e1b93">
    </UnitTestResult>
    <UnitTestResult executionId="664a9bf3-f87a-41a4-80b6-2b8705d75b15" testId="f9c51e64-83e0-b398-e779-03b28caebb05" testName="ProcessExpressionTerms" computerName="W01319" duration="00:00:00.0001170" startTime="2013-09-11T14:17:52.1365284+10:00" endTime="2013-09-11T14:17:52.1395286+10:00" testType="13cdc9d9-ddb5-4fa4-a97d-d965ccfc6d4b" outcome="Passed" testListId="8c84fa94-04c1-424b-9868-57a2d4851a1d" relativeResultsDirectory="664a9bf3-f87a-41a4-80b6-2b8705d75b15">
    </UnitTestResult>
  </Results>
</TestRun>